<?xml version="1.0" encoding="ISO-8859-1" ?>
<link_info>
   <banner>TMS320C2000 Linker PC v18.12.2.LTS</banner>
   <copyright>Copyright (c) 1996-2018 Texas Instruments Incorporated</copyright>
   <link_time>0x67ea2e22</link_time>
   <link_errors>0x0</link_errors>
   <output_file>DSP2833x_DC_Motor_Ecoder.out</output_file>
   <entry_point>
      <name>_c_int00</name>
      <address>0x9c8d</address>
   </entry_point>
   <input_file_list>
      <input_file id="fl-2">
         <path>.\APP\beep\</path>
         <kind>object</kind>
         <file>beep.obj</file>
         <name>beep.obj</name>
      </input_file>
      <input_file id="fl-3">
         <path>.\APP\dc_motor\</path>
         <kind>object</kind>
         <file>dc_motor.obj</file>
         <name>dc_motor.obj</name>
      </input_file>
      <input_file id="fl-4">
         <path>.\APP\epwm\</path>
         <kind>object</kind>
         <file>epwm.obj</file>
         <name>epwm.obj</name>
      </input_file>
      <input_file id="fl-5">
         <path>.\APP\eqep\</path>
         <kind>object</kind>
         <file>eqep.obj</file>
         <name>eqep.obj</name>
      </input_file>
      <input_file id="fl-6">
         <path>.\APP\key\</path>
         <kind>object</kind>
         <file>key.obj</file>
         <name>key.obj</name>
      </input_file>
      <input_file id="fl-7">
         <path>.\APP\leds\</path>
         <kind>object</kind>
         <file>leds.obj</file>
         <name>leds.obj</name>
      </input_file>
      <input_file id="fl-8">
         <path>.\APP\pid\</path>
         <kind>object</kind>
         <file>pid.obj</file>
         <name>pid.obj</name>
      </input_file>
      <input_file id="fl-9">
         <path>.\APP\relay\</path>
         <kind>object</kind>
         <file>relay.obj</file>
         <name>relay.obj</name>
      </input_file>
      <input_file id="fl-a">
         <path>.\APP\smg\</path>
         <kind>object</kind>
         <file>smg.obj</file>
         <name>smg.obj</name>
      </input_file>
      <input_file id="fl-b">
         <path>.\APP\time\</path>
         <kind>object</kind>
         <file>time.obj</file>
         <name>time.obj</name>
      </input_file>
      <input_file id="fl-c">
         <path>.\APP\uart\</path>
         <kind>object</kind>
         <file>uart.obj</file>
         <name>uart.obj</name>
      </input_file>
      <input_file id="fl-d">
         <path>.\DSP2833x_Libraries\</path>
         <kind>object</kind>
         <file>DSP2833x_ADC_cal.obj</file>
         <name>DSP2833x_ADC_cal.obj</name>
      </input_file>
      <input_file id="fl-e">
         <path>.\DSP2833x_Libraries\</path>
         <kind>object</kind>
         <file>DSP2833x_CodeStartBranch.obj</file>
         <name>DSP2833x_CodeStartBranch.obj</name>
      </input_file>
      <input_file id="fl-f">
         <path>.\DSP2833x_Libraries\</path>
         <kind>object</kind>
         <file>DSP2833x_CpuTimers.obj</file>
         <name>DSP2833x_CpuTimers.obj</name>
      </input_file>
      <input_file id="fl-10">
         <path>.\DSP2833x_Libraries\</path>
         <kind>object</kind>
         <file>DSP2833x_DefaultIsr.obj</file>
         <name>DSP2833x_DefaultIsr.obj</name>
      </input_file>
      <input_file id="fl-11">
         <path>.\DSP2833x_Libraries\</path>
         <kind>object</kind>
         <file>DSP2833x_EPwm.obj</file>
         <name>DSP2833x_EPwm.obj</name>
      </input_file>
      <input_file id="fl-12">
         <path>.\DSP2833x_Libraries\</path>
         <kind>object</kind>
         <file>DSP2833x_EQep.obj</file>
         <name>DSP2833x_EQep.obj</name>
      </input_file>
      <input_file id="fl-13">
         <path>.\DSP2833x_Libraries\</path>
         <kind>object</kind>
         <file>DSP2833x_GlobalVariableDefs.obj</file>
         <name>DSP2833x_GlobalVariableDefs.obj</name>
      </input_file>
      <input_file id="fl-14">
         <path>.\DSP2833x_Libraries\</path>
         <kind>object</kind>
         <file>DSP2833x_Gpio.obj</file>
         <name>DSP2833x_Gpio.obj</name>
      </input_file>
      <input_file id="fl-15">
         <path>.\DSP2833x_Libraries\</path>
         <kind>object</kind>
         <file>DSP2833x_PieCtrl.obj</file>
         <name>DSP2833x_PieCtrl.obj</name>
      </input_file>
      <input_file id="fl-16">
         <path>.\DSP2833x_Libraries\</path>
         <kind>object</kind>
         <file>DSP2833x_PieVect.obj</file>
         <name>DSP2833x_PieVect.obj</name>
      </input_file>
      <input_file id="fl-17">
         <path>.\DSP2833x_Libraries\</path>
         <kind>object</kind>
         <file>DSP2833x_Sci.obj</file>
         <name>DSP2833x_Sci.obj</name>
      </input_file>
      <input_file id="fl-18">
         <path>.\DSP2833x_Libraries\</path>
         <kind>object</kind>
         <file>DSP2833x_SysCtrl.obj</file>
         <name>DSP2833x_SysCtrl.obj</name>
      </input_file>
      <input_file id="fl-19">
         <path>.\DSP2833x_Libraries\</path>
         <kind>object</kind>
         <file>DSP2833x_usDelay.obj</file>
         <name>DSP2833x_usDelay.obj</name>
      </input_file>
      <input_file id="fl-1a">
         <path>.\User\</path>
         <kind>object</kind>
         <file>main.obj</file>
         <name>main.obj</name>
      </input_file>
      <input_file id="fl-20">
         <kind>object</kind>
         <file>&lt;internal&gt;</file>
         <name>&lt;internal&gt;</name>
      </input_file>
      <input_file id="fl-2c">
         <path>E:\CCS\CCS9.1.0.00010_win64\setup\ccs\tools\compiler\ti-cgt-c2000_18.12.2.LTS\lib\</path>
         <kind>archive</kind>
         <file>rts2800_fpu32.lib</file>
         <name>boot28.asm.obj</name>
      </input_file>
      <input_file id="fl-2d">
         <path>E:\CCS\CCS9.1.0.00010_win64\setup\ccs\tools\compiler\ti-cgt-c2000_18.12.2.LTS\lib\</path>
         <kind>archive</kind>
         <file>rts2800_fpu32.lib</file>
         <name>fs_div28.asm.obj</name>
      </input_file>
      <input_file id="fl-2e">
         <path>E:\CCS\CCS9.1.0.00010_win64\setup\ccs\tools\compiler\ti-cgt-c2000_18.12.2.LTS\lib\</path>
         <kind>archive</kind>
         <file>rts2800_fpu32.lib</file>
         <name>u_div28.asm.obj</name>
      </input_file>
      <input_file id="fl-2f">
         <path>E:\CCS\CCS9.1.0.00010_win64\setup\ccs\tools\compiler\ti-cgt-c2000_18.12.2.LTS\lib\</path>
         <kind>archive</kind>
         <file>rts2800_fpu32.lib</file>
         <name>cpy_tbl.c.obj</name>
      </input_file>
      <input_file id="fl-30">
         <path>E:\CCS\CCS9.1.0.00010_win64\setup\ccs\tools\compiler\ti-cgt-c2000_18.12.2.LTS\lib\</path>
         <kind>archive</kind>
         <file>rts2800_fpu32.lib</file>
         <name>memcpy.c.obj</name>
      </input_file>
      <input_file id="fl-31">
         <path>E:\CCS\CCS9.1.0.00010_win64\setup\ccs\tools\compiler\ti-cgt-c2000_18.12.2.LTS\lib\</path>
         <kind>archive</kind>
         <file>rts2800_fpu32.lib</file>
         <name>pre_init.c.obj</name>
      </input_file>
      <input_file id="fl-32">
         <path>E:\CCS\CCS9.1.0.00010_win64\setup\ccs\tools\compiler\ti-cgt-c2000_18.12.2.LTS\lib\</path>
         <kind>archive</kind>
         <file>rts2800_fpu32.lib</file>
         <name>startup.c.obj</name>
      </input_file>
      <input_file id="fl-33">
         <path>E:\CCS\CCS9.1.0.00010_win64\setup\ccs\tools\compiler\ti-cgt-c2000_18.12.2.LTS\lib\</path>
         <kind>archive</kind>
         <file>rts2800_fpu32.lib</file>
         <name>exit.c.obj</name>
      </input_file>
      <input_file id="fl-34">
         <path>E:\CCS\CCS9.1.0.00010_win64\setup\ccs\tools\compiler\ti-cgt-c2000_18.12.2.LTS\lib\</path>
         <kind>archive</kind>
         <file>rts2800_fpu32.lib</file>
         <name>_lock.c.obj</name>
      </input_file>
      <input_file id="fl-35">
         <path>E:\CCS\CCS9.1.0.00010_win64\setup\ccs\tools\compiler\ti-cgt-c2000_18.12.2.LTS\lib\</path>
         <kind>archive</kind>
         <file>rts2800_fpu32.lib</file>
         <name>args_main.c.obj</name>
      </input_file>
   </input_file_list>
   <object_component_list>
      <object_component id="oc-8e">
         <name>codestart</name>
         <load_address>0x0</load_address>
         <run_address>0x0</run_address>
         <size>0x2</size>
         <input_file_ref idref="fl-e"/>
      </object_component>
      <object_component id="oc-f5">
         <name>ramfuncs</name>
         <load_address>0x8066</load_address>
         <run_address>0x8066</run_address>
         <size>0x4</size>
         <input_file_ref idref="fl-19"/>
      </object_component>
      <object_component id="oc-9a">
         <name>.text:retain</name>
         <load_address>0x9000</load_address>
         <run_address>0x9000</run_address>
         <size>0x323</size>
         <input_file_ref idref="fl-10"/>
      </object_component>
      <object_component id="oc-144">
         <name>.text</name>
         <load_address>0x9323</load_address>
         <run_address>0x9323</run_address>
         <size>0x1b6</size>
         <input_file_ref idref="fl-a"/>
      </object_component>
      <object_component id="oc-143">
         <name>.text</name>
         <load_address>0x94d9</load_address>
         <run_address>0x94d9</run_address>
         <size>0x110</size>
         <input_file_ref idref="fl-6"/>
      </object_component>
      <object_component id="oc-13c">
         <name>.text</name>
         <load_address>0x95e9</load_address>
         <run_address>0x95e9</run_address>
         <size>0x110</size>
         <input_file_ref idref="fl-1a"/>
      </object_component>
      <object_component id="oc-13f">
         <name>.text</name>
         <load_address>0x96f9</load_address>
         <run_address>0x96f9</run_address>
         <size>0xf8</size>
         <input_file_ref idref="fl-18"/>
      </object_component>
      <object_component id="oc-149">
         <name>.text</name>
         <load_address>0x97f1</load_address>
         <run_address>0x97f1</run_address>
         <size>0xc6</size>
         <input_file_ref idref="fl-c"/>
      </object_component>
      <object_component id="oc-150">
         <name>.text</name>
         <load_address>0x98b7</load_address>
         <run_address>0x98b7</run_address>
         <size>0xaa</size>
         <input_file_ref idref="fl-11"/>
      </object_component>
      <object_component id="oc-148">
         <name>.text</name>
         <load_address>0x9961</load_address>
         <run_address>0x9961</run_address>
         <size>0xa8</size>
         <input_file_ref idref="fl-5"/>
      </object_component>
      <object_component id="oc-107">
         <name>.text</name>
         <load_address>0x9a09</load_address>
         <run_address>0x9a09</run_address>
         <size>0x88</size>
         <input_file_ref idref="fl-2d"/>
      </object_component>
      <object_component id="oc-151">
         <name>.text</name>
         <load_address>0x9a91</load_address>
         <run_address>0x9a91</run_address>
         <size>0x7b</size>
         <input_file_ref idref="fl-f"/>
      </object_component>
      <object_component id="oc-14a">
         <name>.text</name>
         <load_address>0x9b0c</load_address>
         <run_address>0x9b0c</run_address>
         <size>0x70</size>
         <input_file_ref idref="fl-8"/>
      </object_component>
      <object_component id="oc-146">
         <name>.text</name>
         <load_address>0x9b7c</load_address>
         <run_address>0x9b7c</run_address>
         <size>0x5f</size>
         <input_file_ref idref="fl-4"/>
      </object_component>
      <object_component id="oc-142">
         <name>.text</name>
         <load_address>0x9bdb</load_address>
         <run_address>0x9bdb</run_address>
         <size>0x5c</size>
         <input_file_ref idref="fl-7"/>
      </object_component>
      <object_component id="oc-152">
         <name>.text</name>
         <load_address>0x9c37</load_address>
         <run_address>0x9c37</run_address>
         <size>0x56</size>
         <input_file_ref idref="fl-12"/>
      </object_component>
      <object_component id="oc-4a">
         <name>.text</name>
         <load_address>0x9c8d</load_address>
         <run_address>0x9c8d</run_address>
         <size>0x56</size>
         <input_file_ref idref="fl-2c"/>
      </object_component>
      <object_component id="oc-145">
         <name>.text</name>
         <load_address>0x9ce3</load_address>
         <run_address>0x9ce3</run_address>
         <size>0x4e</size>
         <input_file_ref idref="fl-3"/>
      </object_component>
      <object_component id="oc-153">
         <name>.text</name>
         <load_address>0x9d31</load_address>
         <run_address>0x9d31</run_address>
         <size>0x45</size>
         <input_file_ref idref="fl-17"/>
      </object_component>
      <object_component id="oc-147">
         <name>.text</name>
         <load_address>0x9d76</load_address>
         <run_address>0x9d76</run_address>
         <size>0x3a</size>
         <input_file_ref idref="fl-b"/>
      </object_component>
      <object_component id="oc-13a">
         <name>.text</name>
         <load_address>0x9db0</load_address>
         <run_address>0x9db0</run_address>
         <size>0x29</size>
         <input_file_ref idref="fl-33"/>
      </object_component>
      <object_component id="oc-140">
         <name>.text</name>
         <load_address>0x9dd9</load_address>
         <run_address>0x9dd9</run_address>
         <size>0x28</size>
         <input_file_ref idref="fl-15"/>
      </object_component>
      <object_component id="oc-137">
         <name>.text</name>
         <load_address>0x9e01</load_address>
         <run_address>0x9e01</run_address>
         <size>0x24</size>
         <input_file_ref idref="fl-2f"/>
      </object_component>
      <object_component id="oc-141">
         <name>.text</name>
         <load_address>0x9e25</load_address>
         <run_address>0x9e25</run_address>
         <size>0x20</size>
         <input_file_ref idref="fl-16"/>
      </object_component>
      <object_component id="oc-13b">
         <name>.text</name>
         <load_address>0x9e45</load_address>
         <run_address>0x9e45</run_address>
         <size>0x1d</size>
         <input_file_ref idref="fl-30"/>
      </object_component>
      <object_component id="oc-139">
         <name>.text</name>
         <load_address>0x9e62</load_address>
         <run_address>0x9e62</run_address>
         <size>0x19</size>
         <input_file_ref idref="fl-35"/>
      </object_component>
      <object_component id="oc-7e">
         <name>.text:retain</name>
         <load_address>0x9e7b</load_address>
         <run_address>0x9e7b</run_address>
         <size>0x18</size>
         <input_file_ref idref="fl-b"/>
      </object_component>
      <object_component id="oc-10c">
         <name>.text</name>
         <load_address>0x9e93</load_address>
         <run_address>0x9e93</run_address>
         <size>0xb</size>
         <input_file_ref idref="fl-2e"/>
      </object_component>
      <object_component id="oc-14b">
         <name>.text</name>
         <load_address>0x9e9e</load_address>
         <run_address>0x9e9e</run_address>
         <size>0x9</size>
         <input_file_ref idref="fl-34"/>
      </object_component>
      <object_component id="oc-8d">
         <name>.text</name>
         <load_address>0x9ea7</load_address>
         <run_address>0x9ea7</run_address>
         <size>0x8</size>
         <input_file_ref idref="fl-e"/>
      </object_component>
      <object_component id="oc-136">
         <name>.text</name>
         <load_address>0x9eaf</load_address>
         <run_address>0x9eaf</run_address>
         <size>0x2</size>
         <input_file_ref idref="fl-31"/>
      </object_component>
      <object_component id="oc-138">
         <name>.text</name>
         <load_address>0x9eb1</load_address>
         <run_address>0x9eb1</run_address>
         <size>0x1</size>
         <input_file_ref idref="fl-32"/>
      </object_component>
      <object_component id="oc-5b">
         <name>.cinit</name>
         <load_address>0x8000</load_address>
         <run_address>0x8000</run_address>
         <size>0x1f</size>
         <input_file_ref idref="fl-5"/>
      </object_component>
      <object_component id="oc-14f">
         <name>.cinit:_smgduan</name>
         <load_address>0x801f</load_address>
         <run_address>0x801f</run_address>
         <size>0x13</size>
         <input_file_ref idref="fl-a"/>
      </object_component>
      <object_component id="oc-fb">
         <name>.cinit</name>
         <load_address>0x8032</load_address>
         <run_address>0x8032</run_address>
         <size>0xe</size>
         <input_file_ref idref="fl-1a"/>
      </object_component>
      <object_component id="oc-126">
         <name>.cinit</name>
         <load_address>0x8040</load_address>
         <run_address>0x8040</run_address>
         <size>0xe</size>
         <input_file_ref idref="fl-33"/>
      </object_component>
      <object_component id="oc-63">
         <name>.cinit</name>
         <load_address>0x804e</load_address>
         <run_address>0x804e</run_address>
         <size>0xc</size>
         <input_file_ref idref="fl-6"/>
      </object_component>
      <object_component id="oc-13e">
         <name>.cinit:__lock</name>
         <load_address>0x805a</load_address>
         <run_address>0x805a</run_address>
         <size>0x5</size>
         <input_file_ref idref="fl-34"/>
      </object_component>
      <object_component id="oc-14c">
         <name>.cinit:__unlock</name>
         <load_address>0x805f</load_address>
         <run_address>0x805f</run_address>
         <size>0x5</size>
         <input_file_ref idref="fl-34"/>
      </object_component>
      <object_component id="oc-101">
         <name>.stack</name>
         <uninitialized>true</uninitialized>
         <run_address>0x400</run_address>
         <size>0x0</size>
         <input_file_ref idref="fl-2c"/>
      </object_component>
      <object_component id="oc-1a8">
         <name>.stack</name>
         <uninitialized>true</uninitialized>
         <run_address>0x400</run_address>
         <size>0x0</size>
      </object_component>
      <object_component id="oc-5c">
         <name>.ebss</name>
         <uninitialized>true</uninitialized>
         <run_address>0xc040</run_address>
         <size>0xa</size>
         <input_file_ref idref="fl-5"/>
      </object_component>
      <object_component id="oc-64">
         <name>.ebss</name>
         <uninitialized>true</uninitialized>
         <run_address>0xc050</run_address>
         <size>0x3</size>
         <input_file_ref idref="fl-6"/>
      </object_component>
      <object_component id="oc-14e">
         <name>.ebss:_smgduan</name>
         <uninitialized>true</uninitialized>
         <run_address>0xc030</run_address>
         <size>0x10</size>
         <input_file_ref idref="fl-a"/>
      </object_component>
      <object_component id="oc-94">
         <name>.ebss</name>
         <uninitialized>true</uninitialized>
         <run_address>0xc000</run_address>
         <size>0x18</size>
         <input_file_ref idref="fl-f"/>
      </object_component>
      <object_component id="oc-fc">
         <name>.ebss</name>
         <uninitialized>true</uninitialized>
         <run_address>0xc018</run_address>
         <size>0x18</size>
         <input_file_ref idref="fl-1a"/>
      </object_component>
      <object_component id="oc-127">
         <name>.ebss</name>
         <uninitialized>true</uninitialized>
         <run_address>0xc04a</run_address>
         <size>0x6</size>
         <input_file_ref idref="fl-33"/>
      </object_component>
      <object_component id="oc-13d">
         <name>.ebss:__lock</name>
         <uninitialized>true</uninitialized>
         <run_address>0xc054</run_address>
         <size>0x2</size>
         <input_file_ref idref="fl-34"/>
      </object_component>
      <object_component id="oc-154">
         <name>.ebss:__unlock</name>
         <uninitialized>true</uninitialized>
         <run_address>0xc056</run_address>
         <size>0x2</size>
         <input_file_ref idref="fl-34"/>
      </object_component>
      <object_component id="oc-14d">
         <name>.econst:_PieVectTableInit</name>
         <load_address>0xd000</load_address>
         <run_address>0xd000</run_address>
         <size>0x100</size>
         <input_file_ref idref="fl-16"/>
      </object_component>
      <object_component id="oc-5d">
         <name>.econst:.string</name>
         <load_address>0xd100</load_address>
         <run_address>0xd100</run_address>
         <size>0xb</size>
         <input_file_ref idref="fl-5"/>
      </object_component>
      <object_component id="oc-102">
         <name>.reset</name>
         <load_address>0x3fffc0</load_address>
         <run_address>0x3fffc0</run_address>
         <size>0x2</size>
         <input_file_ref idref="fl-2c"/>
      </object_component>
      <object_component id="oc-88">
         <name>.adc_cal</name>
         <load_address>0x380080</load_address>
         <run_address>0x380080</run_address>
         <size>0x7</size>
         <input_file_ref idref="fl-d"/>
      </object_component>
      <object_component id="oc-da">
         <name>PieVectTableFile</name>
         <uninitialized>true</uninitialized>
         <run_address>0xd00</run_address>
         <size>0x100</size>
         <input_file_ref idref="fl-13"/>
      </object_component>
      <object_component id="oc-d6">
         <name>DevEmuRegsFile</name>
         <uninitialized>true</uninitialized>
         <run_address>0x880</run_address>
         <size>0xd0</size>
         <input_file_ref idref="fl-13"/>
      </object_component>
      <object_component id="oc-ae">
         <name>FlashRegsFile</name>
         <uninitialized>true</uninitialized>
         <run_address>0xa80</run_address>
         <size>0x8</size>
         <input_file_ref idref="fl-13"/>
      </object_component>
      <object_component id="oc-b1">
         <name>CsmRegsFile</name>
         <uninitialized>true</uninitialized>
         <run_address>0xae0</run_address>
         <size>0x10</size>
         <input_file_ref idref="fl-13"/>
      </object_component>
      <object_component id="oc-b0">
         <name>AdcMirrorFile</name>
         <uninitialized>true</uninitialized>
         <run_address>0xb00</run_address>
         <size>0x10</size>
         <input_file_ref idref="fl-13"/>
      </object_component>
      <object_component id="oc-b9">
         <name>XintfRegsFile</name>
         <uninitialized>true</uninitialized>
         <run_address>0xb20</run_address>
         <size>0x1e</size>
         <input_file_ref idref="fl-13"/>
      </object_component>
      <object_component id="oc-aa">
         <name>CpuTimer0RegsFile</name>
         <uninitialized>true</uninitialized>
         <run_address>0xc00</run_address>
         <size>0x8</size>
         <input_file_ref idref="fl-13"/>
      </object_component>
      <object_component id="oc-ab">
         <name>CpuTimer1RegsFile</name>
         <uninitialized>true</uninitialized>
         <run_address>0xc08</run_address>
         <size>0x8</size>
         <input_file_ref idref="fl-13"/>
      </object_component>
      <object_component id="oc-ac">
         <name>CpuTimer2RegsFile</name>
         <uninitialized>true</uninitialized>
         <run_address>0xc10</run_address>
         <size>0x8</size>
         <input_file_ref idref="fl-13"/>
      </object_component>
      <object_component id="oc-b7">
         <name>PieCtrlRegsFile</name>
         <uninitialized>true</uninitialized>
         <run_address>0xce0</run_address>
         <size>0x1a</size>
         <input_file_ref idref="fl-13"/>
      </object_component>
      <object_component id="oc-d7">
         <name>DmaRegsFile</name>
         <uninitialized>true</uninitialized>
         <run_address>0x1000</run_address>
         <size>0xe0</size>
         <input_file_ref idref="fl-13"/>
      </object_component>
      <object_component id="oc-c9">
         <name>McbspaRegsFile</name>
         <uninitialized>true</uninitialized>
         <run_address>0x5000</run_address>
         <size>0x25</size>
         <input_file_ref idref="fl-13"/>
      </object_component>
      <object_component id="oc-ca">
         <name>McbspbRegsFile</name>
         <uninitialized>true</uninitialized>
         <run_address>0x5040</run_address>
         <size>0x25</size>
         <input_file_ref idref="fl-13"/>
      </object_component>
      <object_component id="oc-cc">
         <name>ECanaRegsFile</name>
         <uninitialized>true</uninitialized>
         <run_address>0x6000</run_address>
         <size>0x34</size>
         <input_file_ref idref="fl-13"/>
      </object_component>
      <object_component id="oc-ce">
         <name>ECanaLAMRegsFile</name>
         <uninitialized>true</uninitialized>
         <run_address>0x6040</run_address>
         <size>0x40</size>
         <input_file_ref idref="fl-13"/>
      </object_component>
      <object_component id="oc-d8">
         <name>ECanaMboxesFile</name>
         <uninitialized>true</uninitialized>
         <run_address>0x6100</run_address>
         <size>0x100</size>
         <input_file_ref idref="fl-13"/>
      </object_component>
      <object_component id="oc-cf">
         <name>ECanaMOTSRegsFile</name>
         <uninitialized>true</uninitialized>
         <run_address>0x6080</run_address>
         <size>0x40</size>
         <input_file_ref idref="fl-13"/>
      </object_component>
      <object_component id="oc-d0">
         <name>ECanaMOTORegsFile</name>
         <uninitialized>true</uninitialized>
         <run_address>0x60c0</run_address>
         <size>0x40</size>
         <input_file_ref idref="fl-13"/>
      </object_component>
      <object_component id="oc-cd">
         <name>ECanbRegsFile</name>
         <uninitialized>true</uninitialized>
         <run_address>0x6200</run_address>
         <size>0x34</size>
         <input_file_ref idref="fl-13"/>
      </object_component>
      <object_component id="oc-d1">
         <name>ECanbLAMRegsFile</name>
         <uninitialized>true</uninitialized>
         <run_address>0x6240</run_address>
         <size>0x40</size>
         <input_file_ref idref="fl-13"/>
      </object_component>
      <object_component id="oc-d9">
         <name>ECanbMboxesFile</name>
         <uninitialized>true</uninitialized>
         <run_address>0x6300</run_address>
         <size>0x100</size>
         <input_file_ref idref="fl-13"/>
      </object_component>
      <object_component id="oc-d2">
         <name>ECanbMOTSRegsFile</name>
         <uninitialized>true</uninitialized>
         <run_address>0x6280</run_address>
         <size>0x40</size>
         <input_file_ref idref="fl-13"/>
      </object_component>
      <object_component id="oc-d3">
         <name>ECanbMOTORegsFile</name>
         <uninitialized>true</uninitialized>
         <run_address>0x62c0</run_address>
         <size>0x40</size>
         <input_file_ref idref="fl-13"/>
      </object_component>
      <object_component id="oc-c2">
         <name>EPwm1RegsFile</name>
         <uninitialized>true</uninitialized>
         <run_address>0x6800</run_address>
         <size>0x22</size>
         <input_file_ref idref="fl-13"/>
      </object_component>
      <object_component id="oc-c3">
         <name>EPwm2RegsFile</name>
         <uninitialized>true</uninitialized>
         <run_address>0x6840</run_address>
         <size>0x22</size>
         <input_file_ref idref="fl-13"/>
      </object_component>
      <object_component id="oc-c4">
         <name>EPwm3RegsFile</name>
         <uninitialized>true</uninitialized>
         <run_address>0x6880</run_address>
         <size>0x22</size>
         <input_file_ref idref="fl-13"/>
      </object_component>
      <object_component id="oc-c5">
         <name>EPwm4RegsFile</name>
         <uninitialized>true</uninitialized>
         <run_address>0x68c0</run_address>
         <size>0x22</size>
         <input_file_ref idref="fl-13"/>
      </object_component>
      <object_component id="oc-c6">
         <name>EPwm5RegsFile</name>
         <uninitialized>true</uninitialized>
         <run_address>0x6900</run_address>
         <size>0x22</size>
         <input_file_ref idref="fl-13"/>
      </object_component>
      <object_component id="oc-c7">
         <name>EPwm6RegsFile</name>
         <uninitialized>true</uninitialized>
         <run_address>0x6940</run_address>
         <size>0x22</size>
         <input_file_ref idref="fl-13"/>
      </object_component>
      <object_component id="oc-ba">
         <name>ECap1RegsFile</name>
         <uninitialized>true</uninitialized>
         <run_address>0x6a00</run_address>
         <size>0x20</size>
         <input_file_ref idref="fl-13"/>
      </object_component>
      <object_component id="oc-bb">
         <name>ECap2RegsFile</name>
         <uninitialized>true</uninitialized>
         <run_address>0x6a20</run_address>
         <size>0x20</size>
         <input_file_ref idref="fl-13"/>
      </object_component>
      <object_component id="oc-bc">
         <name>ECap3RegsFile</name>
         <uninitialized>true</uninitialized>
         <run_address>0x6a40</run_address>
         <size>0x20</size>
         <input_file_ref idref="fl-13"/>
      </object_component>
      <object_component id="oc-bd">
         <name>ECap4RegsFile</name>
         <uninitialized>true</uninitialized>
         <run_address>0x6a60</run_address>
         <size>0x20</size>
         <input_file_ref idref="fl-13"/>
      </object_component>
      <object_component id="oc-be">
         <name>ECap5RegsFile</name>
         <uninitialized>true</uninitialized>
         <run_address>0x6a80</run_address>
         <size>0x20</size>
         <input_file_ref idref="fl-13"/>
      </object_component>
      <object_component id="oc-bf">
         <name>ECap6RegsFile</name>
         <uninitialized>true</uninitialized>
         <run_address>0x6aa0</run_address>
         <size>0x20</size>
         <input_file_ref idref="fl-13"/>
      </object_component>
      <object_component id="oc-d4">
         <name>EQep1RegsFile</name>
         <uninitialized>true</uninitialized>
         <run_address>0x6b00</run_address>
         <size>0x40</size>
         <input_file_ref idref="fl-13"/>
      </object_component>
      <object_component id="oc-d5">
         <name>EQep2RegsFile</name>
         <uninitialized>true</uninitialized>
         <run_address>0x6b40</run_address>
         <size>0x40</size>
         <input_file_ref idref="fl-13"/>
      </object_component>
      <object_component id="oc-cb">
         <name>GpioCtrlRegsFile</name>
         <uninitialized>true</uninitialized>
         <run_address>0x6f80</run_address>
         <size>0x2e</size>
         <input_file_ref idref="fl-13"/>
      </object_component>
      <object_component id="oc-c0">
         <name>GpioDataRegsFile</name>
         <uninitialized>true</uninitialized>
         <run_address>0x6fc0</run_address>
         <size>0x20</size>
         <input_file_ref idref="fl-13"/>
      </object_component>
      <object_component id="oc-af">
         <name>GpioIntRegsFile</name>
         <uninitialized>true</uninitialized>
         <run_address>0x6fe0</run_address>
         <size>0xa</size>
         <input_file_ref idref="fl-13"/>
      </object_component>
      <object_component id="oc-c1">
         <name>SysCtrlRegsFile</name>
         <uninitialized>true</uninitialized>
         <run_address>0x7010</run_address>
         <size>0x20</size>
         <input_file_ref idref="fl-13"/>
      </object_component>
      <object_component id="oc-b5">
         <name>SpiaRegsFile</name>
         <uninitialized>true</uninitialized>
         <run_address>0x7040</run_address>
         <size>0x10</size>
         <input_file_ref idref="fl-13"/>
      </object_component>
      <object_component id="oc-b2">
         <name>SciaRegsFile</name>
         <uninitialized>true</uninitialized>
         <run_address>0x7050</run_address>
         <size>0x10</size>
         <input_file_ref idref="fl-13"/>
      </object_component>
      <object_component id="oc-b6">
         <name>XIntruptRegsFile</name>
         <uninitialized>true</uninitialized>
         <run_address>0x7070</run_address>
         <size>0x10</size>
         <input_file_ref idref="fl-13"/>
      </object_component>
      <object_component id="oc-b8">
         <name>AdcRegsFile</name>
         <uninitialized>true</uninitialized>
         <run_address>0x7100</run_address>
         <size>0x1e</size>
         <input_file_ref idref="fl-13"/>
      </object_component>
      <object_component id="oc-b3">
         <name>ScibRegsFile</name>
         <uninitialized>true</uninitialized>
         <run_address>0x7750</run_address>
         <size>0x10</size>
         <input_file_ref idref="fl-13"/>
      </object_component>
      <object_component id="oc-b4">
         <name>ScicRegsFile</name>
         <uninitialized>true</uninitialized>
         <run_address>0x7770</run_address>
         <size>0x10</size>
         <input_file_ref idref="fl-13"/>
      </object_component>
      <object_component id="oc-c8">
         <name>I2caRegsFile</name>
         <uninitialized>true</uninitialized>
         <run_address>0x7900</run_address>
         <size>0x22</size>
         <input_file_ref idref="fl-13"/>
      </object_component>
      <object_component id="oc-ad">
         <name>CsmPwlFile</name>
         <uninitialized>true</uninitialized>
         <run_address>0x33fff8</run_address>
         <size>0x8</size>
         <input_file_ref idref="fl-13"/>
      </object_component>
      <object_component id="oc-4b">
         <name>.debug_info</name>
         <load_address>0x0</load_address>
         <run_address>0x0</run_address>
         <size>0x27da</size>
         <input_file_ref idref="fl-2"/>
      </object_component>
      <object_component id="oc-50">
         <name>.debug_info</name>
         <load_address>0x27da</load_address>
         <run_address>0x27da</run_address>
         <size>0x29c6</size>
         <input_file_ref idref="fl-3"/>
      </object_component>
      <object_component id="oc-55">
         <name>.debug_info</name>
         <load_address>0x51a0</load_address>
         <run_address>0x51a0</run_address>
         <size>0x2433</size>
         <input_file_ref idref="fl-4"/>
      </object_component>
      <object_component id="oc-5a">
         <name>.debug_info</name>
         <load_address>0x75d3</load_address>
         <run_address>0x75d3</run_address>
         <size>0x1c0d</size>
         <input_file_ref idref="fl-5"/>
      </object_component>
      <object_component id="oc-62">
         <name>.debug_info</name>
         <load_address>0x91e0</load_address>
         <run_address>0x91e0</run_address>
         <size>0x295b</size>
         <input_file_ref idref="fl-6"/>
      </object_component>
      <object_component id="oc-69">
         <name>.debug_info</name>
         <load_address>0xbb3b</load_address>
         <run_address>0xbb3b</run_address>
         <size>0x282d</size>
         <input_file_ref idref="fl-7"/>
      </object_component>
      <object_component id="oc-6e">
         <name>.debug_info</name>
         <load_address>0xe368</load_address>
         <run_address>0xe368</run_address>
         <size>0x58b</size>
         <input_file_ref idref="fl-8"/>
      </object_component>
      <object_component id="oc-73">
         <name>.debug_info</name>
         <load_address>0xe8f3</load_address>
         <run_address>0xe8f3</run_address>
         <size>0x27dc</size>
         <input_file_ref idref="fl-9"/>
      </object_component>
      <object_component id="oc-78">
         <name>.debug_info</name>
         <load_address>0x110cf</load_address>
         <run_address>0x110cf</run_address>
         <size>0x2b80</size>
         <input_file_ref idref="fl-a"/>
      </object_component>
      <object_component id="oc-7d">
         <name>.debug_info</name>
         <load_address>0x13c4f</load_address>
         <run_address>0x13c4f</run_address>
         <size>0x34a3</size>
         <input_file_ref idref="fl-b"/>
      </object_component>
      <object_component id="oc-83">
         <name>.debug_info</name>
         <load_address>0x170f2</load_address>
         <run_address>0x170f2</run_address>
         <size>0x1cc6</size>
         <input_file_ref idref="fl-c"/>
      </object_component>
      <object_component id="oc-8a">
         <name>.debug_info</name>
         <load_address>0x18db8</load_address>
         <run_address>0x18db8</run_address>
         <size>0x111</size>
         <input_file_ref idref="fl-d"/>
      </object_component>
      <object_component id="oc-90">
         <name>.debug_info</name>
         <load_address>0x18ec9</load_address>
         <run_address>0x18ec9</run_address>
         <size>0x15b</size>
         <input_file_ref idref="fl-e"/>
      </object_component>
      <object_component id="oc-93">
         <name>.debug_info</name>
         <load_address>0x19024</load_address>
         <run_address>0x19024</run_address>
         <size>0x9c2</size>
         <input_file_ref idref="fl-f"/>
      </object_component>
      <object_component id="oc-99">
         <name>.debug_info</name>
         <load_address>0x199e6</load_address>
         <run_address>0x199e6</run_address>
         <size>0x2c25</size>
         <input_file_ref idref="fl-10"/>
      </object_component>
      <object_component id="oc-9f">
         <name>.debug_info</name>
         <load_address>0x1c60b</load_address>
         <run_address>0x1c60b</run_address>
         <size>0x2106</size>
         <input_file_ref idref="fl-11"/>
      </object_component>
      <object_component id="oc-a4">
         <name>.debug_info</name>
         <load_address>0x1e711</load_address>
         <run_address>0x1e711</run_address>
         <size>0x1d9e</size>
         <input_file_ref idref="fl-12"/>
      </object_component>
      <object_component id="oc-a9">
         <name>.debug_info</name>
         <load_address>0x204af</load_address>
         <run_address>0x204af</run_address>
         <size>0x13235</size>
         <input_file_ref idref="fl-13"/>
      </object_component>
      <object_component id="oc-dc">
         <name>.debug_info</name>
         <load_address>0x336e4</load_address>
         <run_address>0x336e4</run_address>
         <size>0x1b74</size>
         <input_file_ref idref="fl-14"/>
      </object_component>
      <object_component id="oc-e1">
         <name>.debug_info</name>
         <load_address>0x35258</load_address>
         <run_address>0x35258</run_address>
         <size>0xb6a</size>
         <input_file_ref idref="fl-15"/>
      </object_component>
      <object_component id="oc-e6">
         <name>.debug_info</name>
         <load_address>0x35dc2</load_address>
         <run_address>0x35dc2</run_address>
         <size>0x22b6</size>
         <input_file_ref idref="fl-16"/>
      </object_component>
      <object_component id="oc-eb">
         <name>.debug_info</name>
         <load_address>0x38078</load_address>
         <run_address>0x38078</run_address>
         <size>0x1e0a</size>
         <input_file_ref idref="fl-17"/>
      </object_component>
      <object_component id="oc-f0">
         <name>.debug_info</name>
         <load_address>0x39e82</load_address>
         <run_address>0x39e82</run_address>
         <size>0x2015</size>
         <input_file_ref idref="fl-18"/>
      </object_component>
      <object_component id="oc-f7">
         <name>.debug_info</name>
         <load_address>0x3be97</load_address>
         <run_address>0x3be97</run_address>
         <size>0x111</size>
         <input_file_ref idref="fl-19"/>
      </object_component>
      <object_component id="oc-fa">
         <name>.debug_info</name>
         <load_address>0x3bfa8</load_address>
         <run_address>0x3bfa8</run_address>
         <size>0x1410</size>
         <input_file_ref idref="fl-1a"/>
      </object_component>
      <object_component id="oc-103">
         <name>.debug_info</name>
         <load_address>0x3d3b8</load_address>
         <run_address>0x3d3b8</run_address>
         <size>0x174</size>
         <input_file_ref idref="fl-2c"/>
      </object_component>
      <object_component id="oc-108">
         <name>.debug_info</name>
         <load_address>0x3d52c</load_address>
         <run_address>0x3d52c</run_address>
         <size>0x115</size>
         <input_file_ref idref="fl-2d"/>
      </object_component>
      <object_component id="oc-10d">
         <name>.debug_info</name>
         <load_address>0x3d641</load_address>
         <run_address>0x3d641</run_address>
         <size>0x142</size>
         <input_file_ref idref="fl-2e"/>
      </object_component>
      <object_component id="oc-111">
         <name>.debug_info</name>
         <load_address>0x3d783</load_address>
         <run_address>0x3d783</run_address>
         <size>0x562</size>
         <input_file_ref idref="fl-2f"/>
      </object_component>
      <object_component id="oc-116">
         <name>.debug_info</name>
         <load_address>0x3dce5</load_address>
         <run_address>0x3dce5</run_address>
         <size>0x43b</size>
         <input_file_ref idref="fl-30"/>
      </object_component>
      <object_component id="oc-11b">
         <name>.debug_info</name>
         <load_address>0x3e120</load_address>
         <run_address>0x3e120</run_address>
         <size>0x3ae</size>
         <input_file_ref idref="fl-31"/>
      </object_component>
      <object_component id="oc-120">
         <name>.debug_info</name>
         <load_address>0x3e4ce</load_address>
         <run_address>0x3e4ce</run_address>
         <size>0x3ab</size>
         <input_file_ref idref="fl-32"/>
      </object_component>
      <object_component id="oc-125">
         <name>.debug_info</name>
         <load_address>0x3e879</load_address>
         <run_address>0x3e879</run_address>
         <size>0x545</size>
         <input_file_ref idref="fl-33"/>
      </object_component>
      <object_component id="oc-12c">
         <name>.debug_info</name>
         <load_address>0x3edbe</load_address>
         <run_address>0x3edbe</run_address>
         <size>0x4cd</size>
         <input_file_ref idref="fl-34"/>
      </object_component>
      <object_component id="oc-131">
         <name>.debug_info</name>
         <load_address>0x3f28b</load_address>
         <run_address>0x3f28b</run_address>
         <size>0x468</size>
         <input_file_ref idref="fl-35"/>
      </object_component>
      <object_component id="oc-1a9">
         <name>.debug_info</name>
         <load_address>0x3f6f3</load_address>
         <run_address>0x3f6f3</run_address>
         <size>0xa4</size>
      </object_component>
      <object_component id="oc-4c">
         <name>.debug_frame</name>
         <load_address>0x0</load_address>
         <run_address>0x0</run_address>
         <size>0x28</size>
         <input_file_ref idref="fl-2"/>
      </object_component>
      <object_component id="oc-51">
         <name>.debug_frame</name>
         <load_address>0x28</load_address>
         <run_address>0x28</run_address>
         <size>0x78</size>
         <input_file_ref idref="fl-3"/>
      </object_component>
      <object_component id="oc-56">
         <name>.debug_frame</name>
         <load_address>0xa0</load_address>
         <run_address>0xa0</run_address>
         <size>0x7c</size>
         <input_file_ref idref="fl-4"/>
      </object_component>
      <object_component id="oc-5e">
         <name>.debug_frame</name>
         <load_address>0x11c</load_address>
         <run_address>0x11c</run_address>
         <size>0x5c</size>
         <input_file_ref idref="fl-5"/>
      </object_component>
      <object_component id="oc-65">
         <name>.debug_frame</name>
         <load_address>0x178</load_address>
         <run_address>0x178</run_address>
         <size>0x5c</size>
         <input_file_ref idref="fl-6"/>
      </object_component>
      <object_component id="oc-6a">
         <name>.debug_frame</name>
         <load_address>0x1d4</load_address>
         <run_address>0x1d4</run_address>
         <size>0x40</size>
         <input_file_ref idref="fl-7"/>
      </object_component>
      <object_component id="oc-6f">
         <name>.debug_frame</name>
         <load_address>0x214</load_address>
         <run_address>0x214</run_address>
         <size>0x60</size>
         <input_file_ref idref="fl-8"/>
      </object_component>
      <object_component id="oc-74">
         <name>.debug_frame</name>
         <load_address>0x274</load_address>
         <run_address>0x274</run_address>
         <size>0x28</size>
         <input_file_ref idref="fl-9"/>
      </object_component>
      <object_component id="oc-79">
         <name>.debug_frame</name>
         <load_address>0x29c</load_address>
         <run_address>0x29c</run_address>
         <size>0x94</size>
         <input_file_ref idref="fl-a"/>
      </object_component>
      <object_component id="oc-7f">
         <name>.debug_frame</name>
         <load_address>0x330</load_address>
         <run_address>0x330</run_address>
         <size>0x6c</size>
         <input_file_ref idref="fl-b"/>
      </object_component>
      <object_component id="oc-84">
         <name>.debug_frame</name>
         <load_address>0x39c</load_address>
         <run_address>0x39c</run_address>
         <size>0xb4</size>
         <input_file_ref idref="fl-c"/>
      </object_component>
      <object_component id="oc-95">
         <name>.debug_frame</name>
         <load_address>0x450</load_address>
         <run_address>0x450</run_address>
         <size>0x5c</size>
         <input_file_ref idref="fl-f"/>
      </object_component>
      <object_component id="oc-9b">
         <name>.debug_frame</name>
         <load_address>0x4ac</load_address>
         <run_address>0x4ac</run_address>
         <size>0xa30</size>
         <input_file_ref idref="fl-10"/>
      </object_component>
      <object_component id="oc-a0">
         <name>.debug_frame</name>
         <load_address>0xedc</load_address>
         <run_address>0xedc</run_address>
         <size>0x118</size>
         <input_file_ref idref="fl-11"/>
      </object_component>
      <object_component id="oc-a5">
         <name>.debug_frame</name>
         <load_address>0xff4</load_address>
         <run_address>0xff4</run_address>
         <size>0x88</size>
         <input_file_ref idref="fl-12"/>
      </object_component>
      <object_component id="oc-dd">
         <name>.debug_frame</name>
         <load_address>0x107c</load_address>
         <run_address>0x107c</run_address>
         <size>0x28</size>
         <input_file_ref idref="fl-14"/>
      </object_component>
      <object_component id="oc-e2">
         <name>.debug_frame</name>
         <load_address>0x10a4</load_address>
         <run_address>0x10a4</run_address>
         <size>0x58</size>
         <input_file_ref idref="fl-15"/>
      </object_component>
      <object_component id="oc-e7">
         <name>.debug_frame</name>
         <load_address>0x10fc</load_address>
         <run_address>0x10fc</run_address>
         <size>0x44</size>
         <input_file_ref idref="fl-16"/>
      </object_component>
      <object_component id="oc-ec">
         <name>.debug_frame</name>
         <load_address>0x1140</load_address>
         <run_address>0x1140</run_address>
         <size>0xa0</size>
         <input_file_ref idref="fl-17"/>
      </object_component>
      <object_component id="oc-f1">
         <name>.debug_frame</name>
         <load_address>0x11e0</load_address>
         <run_address>0x11e0</run_address>
         <size>0xc0</size>
         <input_file_ref idref="fl-18"/>
      </object_component>
      <object_component id="oc-fd">
         <name>.debug_frame</name>
         <load_address>0x12a0</load_address>
         <run_address>0x12a0</run_address>
         <size>0x5c</size>
         <input_file_ref idref="fl-1a"/>
      </object_component>
      <object_component id="oc-112">
         <name>.debug_frame</name>
         <load_address>0x12fc</load_address>
         <run_address>0x12fc</run_address>
         <size>0x60</size>
         <input_file_ref idref="fl-2f"/>
      </object_component>
      <object_component id="oc-117">
         <name>.debug_frame</name>
         <load_address>0x135c</load_address>
         <run_address>0x135c</run_address>
         <size>0x40</size>
         <input_file_ref idref="fl-30"/>
      </object_component>
      <object_component id="oc-11c">
         <name>.debug_frame</name>
         <load_address>0x139c</load_address>
         <run_address>0x139c</run_address>
         <size>0x40</size>
         <input_file_ref idref="fl-31"/>
      </object_component>
      <object_component id="oc-121">
         <name>.debug_frame</name>
         <load_address>0x13dc</load_address>
         <run_address>0x13dc</run_address>
         <size>0x40</size>
         <input_file_ref idref="fl-32"/>
      </object_component>
      <object_component id="oc-128">
         <name>.debug_frame</name>
         <load_address>0x141c</load_address>
         <run_address>0x141c</run_address>
         <size>0x60</size>
         <input_file_ref idref="fl-33"/>
      </object_component>
      <object_component id="oc-12d">
         <name>.debug_frame</name>
         <load_address>0x147c</load_address>
         <run_address>0x147c</run_address>
         <size>0x70</size>
         <input_file_ref idref="fl-34"/>
      </object_component>
      <object_component id="oc-132">
         <name>.debug_frame</name>
         <load_address>0x14ec</load_address>
         <run_address>0x14ec</run_address>
         <size>0x40</size>
         <input_file_ref idref="fl-35"/>
      </object_component>
      <object_component id="oc-4d">
         <name>.debug_line</name>
         <load_address>0x0</load_address>
         <run_address>0x0</run_address>
         <size>0x33</size>
         <input_file_ref idref="fl-2"/>
      </object_component>
      <object_component id="oc-52">
         <name>.debug_line</name>
         <load_address>0x33</load_address>
         <run_address>0x33</run_address>
         <size>0xa1</size>
         <input_file_ref idref="fl-3"/>
      </object_component>
      <object_component id="oc-57">
         <name>.debug_line</name>
         <load_address>0xd4</load_address>
         <run_address>0xd4</run_address>
         <size>0x99</size>
         <input_file_ref idref="fl-4"/>
      </object_component>
      <object_component id="oc-5f">
         <name>.debug_line</name>
         <load_address>0x16d</load_address>
         <run_address>0x16d</run_address>
         <size>0xaa</size>
         <input_file_ref idref="fl-5"/>
      </object_component>
      <object_component id="oc-66">
         <name>.debug_line</name>
         <load_address>0x217</load_address>
         <run_address>0x217</run_address>
         <size>0xe8</size>
         <input_file_ref idref="fl-6"/>
      </object_component>
      <object_component id="oc-6b">
         <name>.debug_line</name>
         <load_address>0x2ff</load_address>
         <run_address>0x2ff</run_address>
         <size>0x67</size>
         <input_file_ref idref="fl-7"/>
      </object_component>
      <object_component id="oc-70">
         <name>.debug_line</name>
         <load_address>0x366</load_address>
         <run_address>0x366</run_address>
         <size>0x64</size>
         <input_file_ref idref="fl-8"/>
      </object_component>
      <object_component id="oc-75">
         <name>.debug_line</name>
         <load_address>0x3ca</load_address>
         <run_address>0x3ca</run_address>
         <size>0x35</size>
         <input_file_ref idref="fl-9"/>
      </object_component>
      <object_component id="oc-7a">
         <name>.debug_line</name>
         <load_address>0x3ff</load_address>
         <run_address>0x3ff</run_address>
         <size>0x197</size>
         <input_file_ref idref="fl-a"/>
      </object_component>
      <object_component id="oc-80">
         <name>.debug_line</name>
         <load_address>0x596</load_address>
         <run_address>0x596</run_address>
         <size>0x76</size>
         <input_file_ref idref="fl-b"/>
      </object_component>
      <object_component id="oc-85">
         <name>.debug_line</name>
         <load_address>0x60c</load_address>
         <run_address>0x60c</run_address>
         <size>0x10d</size>
         <input_file_ref idref="fl-c"/>
      </object_component>
      <object_component id="oc-89">
         <name>.debug_line</name>
         <load_address>0x719</load_address>
         <run_address>0x719</run_address>
         <size>0x5c</size>
         <input_file_ref idref="fl-d"/>
      </object_component>
      <object_component id="oc-8f">
         <name>.debug_line</name>
         <load_address>0x775</load_address>
         <run_address>0x775</run_address>
         <size>0x74</size>
         <input_file_ref idref="fl-e"/>
      </object_component>
      <object_component id="oc-96">
         <name>.debug_line</name>
         <load_address>0x7e9</load_address>
         <run_address>0x7e9</run_address>
         <size>0x9b</size>
         <input_file_ref idref="fl-f"/>
      </object_component>
      <object_component id="oc-9c">
         <name>.debug_line</name>
         <load_address>0x884</load_address>
         <run_address>0x884</run_address>
         <size>0x775</size>
         <input_file_ref idref="fl-10"/>
      </object_component>
      <object_component id="oc-a1">
         <name>.debug_line</name>
         <load_address>0xff9</load_address>
         <run_address>0xff9</run_address>
         <size>0x171</size>
         <input_file_ref idref="fl-11"/>
      </object_component>
      <object_component id="oc-a6">
         <name>.debug_line</name>
         <load_address>0x116a</load_address>
         <run_address>0x116a</run_address>
         <size>0xbf</size>
         <input_file_ref idref="fl-12"/>
      </object_component>
      <object_component id="oc-de">
         <name>.debug_line</name>
         <load_address>0x1229</load_address>
         <run_address>0x1229</run_address>
         <size>0x46</size>
         <input_file_ref idref="fl-14"/>
      </object_component>
      <object_component id="oc-e3">
         <name>.debug_line</name>
         <load_address>0x126f</load_address>
         <run_address>0x126f</run_address>
         <size>0x99</size>
         <input_file_ref idref="fl-15"/>
      </object_component>
      <object_component id="oc-e8">
         <name>.debug_line</name>
         <load_address>0x1308</load_address>
         <run_address>0x1308</run_address>
         <size>0x7b</size>
         <input_file_ref idref="fl-16"/>
      </object_component>
      <object_component id="oc-ed">
         <name>.debug_line</name>
         <load_address>0x1383</load_address>
         <run_address>0x1383</run_address>
         <size>0xdc</size>
         <input_file_ref idref="fl-17"/>
      </object_component>
      <object_component id="oc-f2">
         <name>.debug_line</name>
         <load_address>0x145f</load_address>
         <run_address>0x145f</run_address>
         <size>0x158</size>
         <input_file_ref idref="fl-18"/>
      </object_component>
      <object_component id="oc-f6">
         <name>.debug_line</name>
         <load_address>0x15b7</load_address>
         <run_address>0x15b7</run_address>
         <size>0x5b</size>
         <input_file_ref idref="fl-19"/>
      </object_component>
      <object_component id="oc-fe">
         <name>.debug_line</name>
         <load_address>0x1612</load_address>
         <run_address>0x1612</run_address>
         <size>0xea</size>
         <input_file_ref idref="fl-1a"/>
      </object_component>
      <object_component id="oc-104">
         <name>.debug_line</name>
         <load_address>0x16fc</load_address>
         <run_address>0x16fc</run_address>
         <size>0x7e</size>
         <input_file_ref idref="fl-2c"/>
      </object_component>
      <object_component id="oc-109">
         <name>.debug_line</name>
         <load_address>0x177a</load_address>
         <run_address>0x177a</run_address>
         <size>0xad</size>
         <input_file_ref idref="fl-2d"/>
      </object_component>
      <object_component id="oc-10e">
         <name>.debug_line</name>
         <load_address>0x1827</load_address>
         <run_address>0x1827</run_address>
         <size>0x52</size>
         <input_file_ref idref="fl-2e"/>
      </object_component>
      <object_component id="oc-113">
         <name>.debug_line</name>
         <load_address>0x1879</load_address>
         <run_address>0x1879</run_address>
         <size>0x50</size>
         <input_file_ref idref="fl-2f"/>
      </object_component>
      <object_component id="oc-118">
         <name>.debug_line</name>
         <load_address>0x18c9</load_address>
         <run_address>0x18c9</run_address>
         <size>0x62</size>
         <input_file_ref idref="fl-30"/>
      </object_component>
      <object_component id="oc-11d">
         <name>.debug_line</name>
         <load_address>0x192b</load_address>
         <run_address>0x192b</run_address>
         <size>0x3e</size>
         <input_file_ref idref="fl-31"/>
      </object_component>
      <object_component id="oc-122">
         <name>.debug_line</name>
         <load_address>0x1969</load_address>
         <run_address>0x1969</run_address>
         <size>0x3a</size>
         <input_file_ref idref="fl-32"/>
      </object_component>
      <object_component id="oc-129">
         <name>.debug_line</name>
         <load_address>0x19a3</load_address>
         <run_address>0x19a3</run_address>
         <size>0x65</size>
         <input_file_ref idref="fl-33"/>
      </object_component>
      <object_component id="oc-12e">
         <name>.debug_line</name>
         <load_address>0x1a08</load_address>
         <run_address>0x1a08</run_address>
         <size>0x5e</size>
         <input_file_ref idref="fl-34"/>
      </object_component>
      <object_component id="oc-133">
         <name>.debug_line</name>
         <load_address>0x1a66</load_address>
         <run_address>0x1a66</run_address>
         <size>0x55</size>
         <input_file_ref idref="fl-35"/>
      </object_component>
      <object_component id="oc-4e">
         <name>.debug_abbrev</name>
         <load_address>0x0</load_address>
         <run_address>0x0</run_address>
         <size>0xdc</size>
         <input_file_ref idref="fl-2"/>
      </object_component>
      <object_component id="oc-53">
         <name>.debug_abbrev</name>
         <load_address>0xdc</load_address>
         <run_address>0xdc</run_address>
         <size>0x146</size>
         <input_file_ref idref="fl-3"/>
      </object_component>
      <object_component id="oc-58">
         <name>.debug_abbrev</name>
         <load_address>0x222</load_address>
         <run_address>0x222</run_address>
         <size>0x114</size>
         <input_file_ref idref="fl-4"/>
      </object_component>
      <object_component id="oc-60">
         <name>.debug_abbrev</name>
         <load_address>0x336</load_address>
         <run_address>0x336</run_address>
         <size>0x166</size>
         <input_file_ref idref="fl-5"/>
      </object_component>
      <object_component id="oc-67">
         <name>.debug_abbrev</name>
         <load_address>0x49c</load_address>
         <run_address>0x49c</run_address>
         <size>0x146</size>
         <input_file_ref idref="fl-6"/>
      </object_component>
      <object_component id="oc-6c">
         <name>.debug_abbrev</name>
         <load_address>0x5e2</load_address>
         <run_address>0x5e2</run_address>
         <size>0xdc</size>
         <input_file_ref idref="fl-7"/>
      </object_component>
      <object_component id="oc-71">
         <name>.debug_abbrev</name>
         <load_address>0x6be</load_address>
         <run_address>0x6be</run_address>
         <size>0xbe</size>
         <input_file_ref idref="fl-8"/>
      </object_component>
      <object_component id="oc-76">
         <name>.debug_abbrev</name>
         <load_address>0x77c</load_address>
         <run_address>0x77c</run_address>
         <size>0xdc</size>
         <input_file_ref idref="fl-9"/>
      </object_component>
      <object_component id="oc-7b">
         <name>.debug_abbrev</name>
         <load_address>0x858</load_address>
         <run_address>0x858</run_address>
         <size>0x12d</size>
         <input_file_ref idref="fl-a"/>
      </object_component>
      <object_component id="oc-81">
         <name>.debug_abbrev</name>
         <load_address>0x985</load_address>
         <run_address>0x985</run_address>
         <size>0x162</size>
         <input_file_ref idref="fl-b"/>
      </object_component>
      <object_component id="oc-86">
         <name>.debug_abbrev</name>
         <load_address>0xae7</load_address>
         <run_address>0xae7</run_address>
         <size>0x124</size>
         <input_file_ref idref="fl-c"/>
      </object_component>
      <object_component id="oc-8b">
         <name>.debug_abbrev</name>
         <load_address>0xc0b</load_address>
         <run_address>0xc0b</run_address>
         <size>0x2f</size>
         <input_file_ref idref="fl-d"/>
      </object_component>
      <object_component id="oc-91">
         <name>.debug_abbrev</name>
         <load_address>0xc3a</load_address>
         <run_address>0xc3a</run_address>
         <size>0x21</size>
         <input_file_ref idref="fl-e"/>
      </object_component>
      <object_component id="oc-97">
         <name>.debug_abbrev</name>
         <load_address>0xc5b</load_address>
         <run_address>0xc5b</run_address>
         <size>0xfd</size>
         <input_file_ref idref="fl-f"/>
      </object_component>
      <object_component id="oc-9d">
         <name>.debug_abbrev</name>
         <load_address>0xd58</load_address>
         <run_address>0xd58</run_address>
         <size>0xde</size>
         <input_file_ref idref="fl-10"/>
      </object_component>
      <object_component id="oc-a2">
         <name>.debug_abbrev</name>
         <load_address>0xe36</load_address>
         <run_address>0xe36</run_address>
         <size>0x111</size>
         <input_file_ref idref="fl-11"/>
      </object_component>
      <object_component id="oc-a7">
         <name>.debug_abbrev</name>
         <load_address>0xf47</load_address>
         <run_address>0xf47</run_address>
         <size>0xea</size>
         <input_file_ref idref="fl-12"/>
      </object_component>
      <object_component id="oc-db">
         <name>.debug_abbrev</name>
         <load_address>0x1031</load_address>
         <run_address>0x1031</run_address>
         <size>0xb7</size>
         <input_file_ref idref="fl-13"/>
      </object_component>
      <object_component id="oc-df">
         <name>.debug_abbrev</name>
         <load_address>0x10e8</load_address>
         <run_address>0x10e8</run_address>
         <size>0xdc</size>
         <input_file_ref idref="fl-14"/>
      </object_component>
      <object_component id="oc-e4">
         <name>.debug_abbrev</name>
         <load_address>0x11c4</load_address>
         <run_address>0x11c4</run_address>
         <size>0xc8</size>
         <input_file_ref idref="fl-15"/>
      </object_component>
      <object_component id="oc-e9">
         <name>.debug_abbrev</name>
         <load_address>0x128c</load_address>
         <run_address>0x128c</run_address>
         <size>0x116</size>
         <input_file_ref idref="fl-16"/>
      </object_component>
      <object_component id="oc-ee">
         <name>.debug_abbrev</name>
         <load_address>0x13a2</load_address>
         <run_address>0x13a2</run_address>
         <size>0xea</size>
         <input_file_ref idref="fl-17"/>
      </object_component>
      <object_component id="oc-f3">
         <name>.debug_abbrev</name>
         <load_address>0x148c</load_address>
         <run_address>0x148c</run_address>
         <size>0x17b</size>
         <input_file_ref idref="fl-18"/>
      </object_component>
      <object_component id="oc-f8">
         <name>.debug_abbrev</name>
         <load_address>0x1607</load_address>
         <run_address>0x1607</run_address>
         <size>0x2f</size>
         <input_file_ref idref="fl-19"/>
      </object_component>
      <object_component id="oc-ff">
         <name>.debug_abbrev</name>
         <load_address>0x1636</load_address>
         <run_address>0x1636</run_address>
         <size>0x141</size>
         <input_file_ref idref="fl-1a"/>
      </object_component>
      <object_component id="oc-105">
         <name>.debug_abbrev</name>
         <load_address>0x1777</load_address>
         <run_address>0x1777</run_address>
         <size>0x46</size>
         <input_file_ref idref="fl-2c"/>
      </object_component>
      <object_component id="oc-10a">
         <name>.debug_abbrev</name>
         <load_address>0x17bd</load_address>
         <run_address>0x17bd</run_address>
         <size>0x38</size>
         <input_file_ref idref="fl-2d"/>
      </object_component>
      <object_component id="oc-10f">
         <name>.debug_abbrev</name>
         <load_address>0x17f5</load_address>
         <run_address>0x17f5</run_address>
         <size>0x38</size>
         <input_file_ref idref="fl-2e"/>
      </object_component>
      <object_component id="oc-114">
         <name>.debug_abbrev</name>
         <load_address>0x182d</load_address>
         <run_address>0x182d</run_address>
         <size>0xe3</size>
         <input_file_ref idref="fl-2f"/>
      </object_component>
      <object_component id="oc-119">
         <name>.debug_abbrev</name>
         <load_address>0x1910</load_address>
         <run_address>0x1910</run_address>
         <size>0xa8</size>
         <input_file_ref idref="fl-30"/>
      </object_component>
      <object_component id="oc-11e">
         <name>.debug_abbrev</name>
         <load_address>0x19b8</load_address>
         <run_address>0x19b8</run_address>
         <size>0x68</size>
         <input_file_ref idref="fl-31"/>
      </object_component>
      <object_component id="oc-123">
         <name>.debug_abbrev</name>
         <load_address>0x1a20</load_address>
         <run_address>0x1a20</run_address>
         <size>0x66</size>
         <input_file_ref idref="fl-32"/>
      </object_component>
      <object_component id="oc-12a">
         <name>.debug_abbrev</name>
         <load_address>0x1a86</load_address>
         <run_address>0x1a86</run_address>
         <size>0x130</size>
         <input_file_ref idref="fl-33"/>
      </object_component>
      <object_component id="oc-12f">
         <name>.debug_abbrev</name>
         <load_address>0x1bb6</load_address>
         <run_address>0x1bb6</run_address>
         <size>0xb2</size>
         <input_file_ref idref="fl-34"/>
      </object_component>
      <object_component id="oc-134">
         <name>.debug_abbrev</name>
         <load_address>0x1c68</load_address>
         <run_address>0x1c68</run_address>
         <size>0xee</size>
         <input_file_ref idref="fl-35"/>
      </object_component>
      <object_component id="oc-1aa">
         <name>.debug_abbrev</name>
         <load_address>0x1d56</load_address>
         <run_address>0x1d56</run_address>
         <size>0xf</size>
      </object_component>
      <object_component id="oc-4f">
         <name>.debug_aranges</name>
         <load_address>0x0</load_address>
         <run_address>0x0</run_address>
         <size>0x18</size>
         <input_file_ref idref="fl-2"/>
      </object_component>
      <object_component id="oc-54">
         <name>.debug_aranges</name>
         <load_address>0x18</load_address>
         <run_address>0x18</run_address>
         <size>0x30</size>
         <input_file_ref idref="fl-3"/>
      </object_component>
      <object_component id="oc-59">
         <name>.debug_aranges</name>
         <load_address>0x48</load_address>
         <run_address>0x48</run_address>
         <size>0x30</size>
         <input_file_ref idref="fl-4"/>
      </object_component>
      <object_component id="oc-61">
         <name>.debug_aranges</name>
         <load_address>0x78</load_address>
         <run_address>0x78</run_address>
         <size>0x28</size>
         <input_file_ref idref="fl-5"/>
      </object_component>
      <object_component id="oc-68">
         <name>.debug_aranges</name>
         <load_address>0xa0</load_address>
         <run_address>0xa0</run_address>
         <size>0x28</size>
         <input_file_ref idref="fl-6"/>
      </object_component>
      <object_component id="oc-6d">
         <name>.debug_aranges</name>
         <load_address>0xc8</load_address>
         <run_address>0xc8</run_address>
         <size>0x20</size>
         <input_file_ref idref="fl-7"/>
      </object_component>
      <object_component id="oc-72">
         <name>.debug_aranges</name>
         <load_address>0xe8</load_address>
         <run_address>0xe8</run_address>
         <size>0x20</size>
         <input_file_ref idref="fl-8"/>
      </object_component>
      <object_component id="oc-77">
         <name>.debug_aranges</name>
         <load_address>0x108</load_address>
         <run_address>0x108</run_address>
         <size>0x18</size>
         <input_file_ref idref="fl-9"/>
      </object_component>
      <object_component id="oc-7c">
         <name>.debug_aranges</name>
         <load_address>0x120</load_address>
         <run_address>0x120</run_address>
         <size>0x38</size>
         <input_file_ref idref="fl-a"/>
      </object_component>
      <object_component id="oc-82">
         <name>.debug_aranges</name>
         <load_address>0x158</load_address>
         <run_address>0x158</run_address>
         <size>0x28</size>
         <input_file_ref idref="fl-b"/>
      </object_component>
      <object_component id="oc-87">
         <name>.debug_aranges</name>
         <load_address>0x180</load_address>
         <run_address>0x180</run_address>
         <size>0x40</size>
         <input_file_ref idref="fl-c"/>
      </object_component>
      <object_component id="oc-8c">
         <name>.debug_aranges</name>
         <load_address>0x1c0</load_address>
         <run_address>0x1c0</run_address>
         <size>0x20</size>
         <input_file_ref idref="fl-d"/>
      </object_component>
      <object_component id="oc-92">
         <name>.debug_aranges</name>
         <load_address>0x1e0</load_address>
         <run_address>0x1e0</run_address>
         <size>0x28</size>
         <input_file_ref idref="fl-e"/>
      </object_component>
      <object_component id="oc-98">
         <name>.debug_aranges</name>
         <load_address>0x208</load_address>
         <run_address>0x208</run_address>
         <size>0x28</size>
         <input_file_ref idref="fl-f"/>
      </object_component>
      <object_component id="oc-9e">
         <name>.debug_aranges</name>
         <load_address>0x230</load_address>
         <run_address>0x230</run_address>
         <size>0x298</size>
         <input_file_ref idref="fl-10"/>
      </object_component>
      <object_component id="oc-a3">
         <name>.debug_aranges</name>
         <load_address>0x4c8</load_address>
         <run_address>0x4c8</run_address>
         <size>0x68</size>
         <input_file_ref idref="fl-11"/>
      </object_component>
      <object_component id="oc-a8">
         <name>.debug_aranges</name>
         <load_address>0x530</load_address>
         <run_address>0x530</run_address>
         <size>0x38</size>
         <input_file_ref idref="fl-12"/>
      </object_component>
      <object_component id="oc-e0">
         <name>.debug_aranges</name>
         <load_address>0x568</load_address>
         <run_address>0x568</run_address>
         <size>0x18</size>
         <input_file_ref idref="fl-14"/>
      </object_component>
      <object_component id="oc-e5">
         <name>.debug_aranges</name>
         <load_address>0x580</load_address>
         <run_address>0x580</run_address>
         <size>0x28</size>
         <input_file_ref idref="fl-15"/>
      </object_component>
      <object_component id="oc-ea">
         <name>.debug_aranges</name>
         <load_address>0x5a8</load_address>
         <run_address>0x5a8</run_address>
         <size>0x20</size>
         <input_file_ref idref="fl-16"/>
      </object_component>
      <object_component id="oc-ef">
         <name>.debug_aranges</name>
         <load_address>0x5c8</load_address>
         <run_address>0x5c8</run_address>
         <size>0x40</size>
         <input_file_ref idref="fl-17"/>
      </object_component>
      <object_component id="oc-f4">
         <name>.debug_aranges</name>
         <load_address>0x608</load_address>
         <run_address>0x608</run_address>
         <size>0x48</size>
         <input_file_ref idref="fl-18"/>
      </object_component>
      <object_component id="oc-f9">
         <name>.debug_aranges</name>
         <load_address>0x650</load_address>
         <run_address>0x650</run_address>
         <size>0x20</size>
         <input_file_ref idref="fl-19"/>
      </object_component>
      <object_component id="oc-100">
         <name>.debug_aranges</name>
         <load_address>0x670</load_address>
         <run_address>0x670</run_address>
         <size>0x28</size>
         <input_file_ref idref="fl-1a"/>
      </object_component>
      <object_component id="oc-106">
         <name>.debug_aranges</name>
         <load_address>0x698</load_address>
         <run_address>0x698</run_address>
         <size>0x20</size>
         <input_file_ref idref="fl-2c"/>
      </object_component>
      <object_component id="oc-10b">
         <name>.debug_aranges</name>
         <load_address>0x6b8</load_address>
         <run_address>0x6b8</run_address>
         <size>0x20</size>
         <input_file_ref idref="fl-2d"/>
      </object_component>
      <object_component id="oc-110">
         <name>.debug_aranges</name>
         <load_address>0x6d8</load_address>
         <run_address>0x6d8</run_address>
         <size>0x28</size>
         <input_file_ref idref="fl-2e"/>
      </object_component>
      <object_component id="oc-115">
         <name>.debug_aranges</name>
         <load_address>0x700</load_address>
         <run_address>0x700</run_address>
         <size>0x20</size>
         <input_file_ref idref="fl-2f"/>
      </object_component>
      <object_component id="oc-11a">
         <name>.debug_aranges</name>
         <load_address>0x720</load_address>
         <run_address>0x720</run_address>
         <size>0x20</size>
         <input_file_ref idref="fl-30"/>
      </object_component>
      <object_component id="oc-11f">
         <name>.debug_aranges</name>
         <load_address>0x740</load_address>
         <run_address>0x740</run_address>
         <size>0x20</size>
         <input_file_ref idref="fl-31"/>
      </object_component>
      <object_component id="oc-124">
         <name>.debug_aranges</name>
         <load_address>0x760</load_address>
         <run_address>0x760</run_address>
         <size>0x20</size>
         <input_file_ref idref="fl-32"/>
      </object_component>
      <object_component id="oc-12b">
         <name>.debug_aranges</name>
         <load_address>0x780</load_address>
         <run_address>0x780</run_address>
         <size>0x28</size>
         <input_file_ref idref="fl-33"/>
      </object_component>
      <object_component id="oc-130">
         <name>.debug_aranges</name>
         <load_address>0x7a8</load_address>
         <run_address>0x7a8</run_address>
         <size>0x30</size>
         <input_file_ref idref="fl-34"/>
      </object_component>
      <object_component id="oc-135">
         <name>.debug_aranges</name>
         <load_address>0x7d8</load_address>
         <run_address>0x7d8</run_address>
         <size>0x20</size>
         <input_file_ref idref="fl-35"/>
      </object_component>
   </object_component_list>
   <logical_group_list>
      <logical_group id="lg-2" display="no" color="cyan">
         <name>codestart</name>
         <load_address>0x0</load_address>
         <run_address>0x0</run_address>
         <size>0x2</size>
         <contents>
            <object_component_ref idref="oc-8e"/>
         </contents>
      </logical_group>
      <logical_group id="lg-3" display="no" color="cyan">
         <name>ramfuncs</name>
         <load_address>0x8066</load_address>
         <run_address>0x8066</run_address>
         <size>0x4</size>
         <contents>
            <object_component_ref idref="oc-f5"/>
         </contents>
      </logical_group>
      <logical_group id="lg-4" display="no" color="cyan">
         <name>.text</name>
         <load_address>0x9000</load_address>
         <run_address>0x9000</run_address>
         <size>0xeb2</size>
         <contents>
            <object_component_ref idref="oc-9a"/>
            <object_component_ref idref="oc-144"/>
            <object_component_ref idref="oc-143"/>
            <object_component_ref idref="oc-13c"/>
            <object_component_ref idref="oc-13f"/>
            <object_component_ref idref="oc-149"/>
            <object_component_ref idref="oc-150"/>
            <object_component_ref idref="oc-148"/>
            <object_component_ref idref="oc-107"/>
            <object_component_ref idref="oc-151"/>
            <object_component_ref idref="oc-14a"/>
            <object_component_ref idref="oc-146"/>
            <object_component_ref idref="oc-142"/>
            <object_component_ref idref="oc-152"/>
            <object_component_ref idref="oc-4a"/>
            <object_component_ref idref="oc-145"/>
            <object_component_ref idref="oc-153"/>
            <object_component_ref idref="oc-147"/>
            <object_component_ref idref="oc-13a"/>
            <object_component_ref idref="oc-140"/>
            <object_component_ref idref="oc-137"/>
            <object_component_ref idref="oc-141"/>
            <object_component_ref idref="oc-13b"/>
            <object_component_ref idref="oc-139"/>
            <object_component_ref idref="oc-7e"/>
            <object_component_ref idref="oc-10c"/>
            <object_component_ref idref="oc-14b"/>
            <object_component_ref idref="oc-8d"/>
            <object_component_ref idref="oc-136"/>
            <object_component_ref idref="oc-138"/>
         </contents>
      </logical_group>
      <logical_group id="lg-5" display="no" color="cyan">
         <name>.cinit</name>
         <load_address>0x8000</load_address>
         <run_address>0x8000</run_address>
         <size>0x66</size>
         <contents>
            <object_component_ref idref="oc-5b"/>
            <object_component_ref idref="oc-14f"/>
            <object_component_ref idref="oc-fb"/>
            <object_component_ref idref="oc-126"/>
            <object_component_ref idref="oc-63"/>
            <object_component_ref idref="oc-13e"/>
            <object_component_ref idref="oc-14c"/>
         </contents>
      </logical_group>
      <logical_group id="lg-6" display="no" color="cyan">
         <name>.pinit</name>
         <run_address>0x0</run_address>
         <size>0x0</size>
         <contents>
         </contents>
      </logical_group>
      <logical_group id="lg-7" display="no" color="cyan">
         <name>.switch</name>
         <run_address>0x0</run_address>
         <size>0x0</size>
         <contents>
         </contents>
      </logical_group>
      <logical_group id="lg-8" display="no" color="cyan">
         <name>.stack</name>
         <run_address>0x400</run_address>
         <size>0x300</size>
         <contents>
            <object_component_ref idref="oc-101"/>
            <object_component_ref idref="oc-1a8"/>
         </contents>
      </logical_group>
      <logical_group id="lg-9" display="no" color="cyan">
         <name>.ebss</name>
[...]
      <symbol id="sm-258">
         <name>_SCIRXINTC_ISR</name>
         <value>0x9258</value>
         <object_component_ref idref="oc-9a"/>
      </symbol>
      <symbol id="sm-259">
         <name>_RTOSINT_ISR</name>
         <value>0x901e</value>
         <object_component_ref idref="oc-9a"/>
      </symbol>
      <symbol id="sm-25a">
         <name>_EPWM3_INT_ISR</name>
         <value>0x9154</value>
         <object_component_ref idref="oc-9a"/>
      </symbol>
      <symbol id="sm-25b">
         <name>_ECAN1INTB_ISR</name>
         <value>0x92b2</value>
         <object_component_ref idref="oc-9a"/>
      </symbol>
      <symbol id="sm-25c">
         <name>_USER9_ISR</name>
         <value>0x9096</value>
         <object_component_ref idref="oc-9a"/>
      </symbol>
      <symbol id="sm-25d">
         <name>_USER3_ISR</name>
         <value>0x905a</value>
         <object_component_ref idref="oc-9a"/>
      </symbol>
      <symbol id="sm-25e">
         <name>_EQEP1_INT_ISR</name>
         <value>0x91b8</value>
         <object_component_ref idref="oc-9a"/>
      </symbol>
      <symbol id="sm-25f">
         <name>_MRINTB_ISR</name>
         <value>0x91e0</value>
         <object_component_ref idref="oc-9a"/>
      </symbol>
      <symbol id="sm-260">
         <name>_DINTCH1_ISR</name>
         <value>0x9208</value>
         <object_component_ref idref="oc-9a"/>
      </symbol>
      <symbol id="sm-261">
         <name>_USER8_ISR</name>
         <value>0x908c</value>
         <object_component_ref idref="oc-9a"/>
      </symbol>
      <symbol id="sm-262">
         <name>_EPWM1_INT_ISR</name>
         <value>0x9140</value>
         <object_component_ref idref="oc-9a"/>
      </symbol>
      <symbol id="sm-263">
         <name>_SEQ2INT_ISR</name>
         <value>0x90c8</value>
         <object_component_ref idref="oc-9a"/>
      </symbol>
      <symbol id="sm-264">
         <name>_USER2_ISR</name>
         <value>0x9050</value>
         <object_component_ref idref="oc-9a"/>
      </symbol>
      <symbol id="sm-265">
         <name>_LUF_ISR</name>
         <value>0x92f8</value>
         <object_component_ref idref="oc-9a"/>
      </symbol>
      <symbol id="sm-266">
         <name>_LVF_ISR</name>
         <value>0x92ee</value>
         <object_component_ref idref="oc-9a"/>
      </symbol>
      <symbol id="sm-267">
         <name>_SCITXINTA_ISR</name>
         <value>0x9276</value>
         <object_component_ref idref="oc-9a"/>
      </symbol>
      <symbol id="sm-268">
         <name>_SCIRXINTA_ISR</name>
         <value>0x926c</value>
         <object_component_ref idref="oc-9a"/>
      </symbol>
      <symbol id="sm-269">
         <name>_rsvd_ISR</name>
         <value>0x9319</value>
         <object_component_ref idref="oc-9a"/>
      </symbol>
      <symbol id="sm-26a">
         <name>_ECAP5_INT_ISR</name>
         <value>0x91a4</value>
         <object_component_ref idref="oc-9a"/>
      </symbol>
      <symbol id="sm-26b">
         <name>_DINTCH2_ISR</name>
         <value>0x9212</value>
         <object_component_ref idref="oc-9a"/>
      </symbol>
      <symbol id="sm-26c">
         <name>_XINT5_ISR</name>
         <value>0x92d0</value>
         <object_component_ref idref="oc-9a"/>
      </symbol>
      <symbol id="sm-278">
         <name>_InitEPwm3Gpio</name>
         <value>0x98e9</value>
         <object_component_ref idref="oc-150"/>
      </symbol>
      <symbol id="sm-279">
         <name>_InitTzGpio</name>
         <value>0x9949</value>
         <object_component_ref idref="oc-150"/>
      </symbol>
      <symbol id="sm-27a">
         <name>_InitEPwm2Gpio</name>
         <value>0x98d7</value>
         <object_component_ref idref="oc-150"/>
      </symbol>
      <symbol id="sm-27b">
         <name>_InitEPwm1Gpio</name>
         <value>0x98c5</value>
         <object_component_ref idref="oc-150"/>
      </symbol>
      <symbol id="sm-27c">
         <name>_InitEPwm6Gpio</name>
         <value>0x9923</value>
         <object_component_ref idref="oc-150"/>
      </symbol>
      <symbol id="sm-27d">
         <name>_InitEPwmGpio</name>
         <value>0x98b8</value>
         <object_component_ref idref="oc-150"/>
      </symbol>
      <symbol id="sm-27e">
         <name>_InitEPwm5Gpio</name>
         <value>0x9911</value>
         <object_component_ref idref="oc-150"/>
      </symbol>
      <symbol id="sm-27f">
         <name>_InitEPwm4Gpio</name>
         <value>0x98fd</value>
         <object_component_ref idref="oc-150"/>
      </symbol>
      <symbol id="sm-280">
         <name>_InitEPwmSyncGpio</name>
         <value>0x9935</value>
         <object_component_ref idref="oc-150"/>
      </symbol>
      <symbol id="sm-281">
         <name>_InitEPwm</name>
         <value>0x98b7</value>
         <object_component_ref idref="oc-150"/>
      </symbol>
      <symbol id="sm-28d">
         <name>_InitEQepGpio</name>
         <value>0x9c38</value>
         <object_component_ref idref="oc-152"/>
      </symbol>
      <symbol id="sm-28e">
         <name>_InitEQep</name>
         <value>0x9c37</value>
         <object_component_ref idref="oc-152"/>
      </symbol>
      <symbol id="sm-28f">
         <name>_InitEQep2Gpio</name>
         <value>0x9c67</value>
         <object_component_ref idref="oc-152"/>
      </symbol>
      <symbol id="sm-290">
         <name>_InitEQep1Gpio</name>
         <value>0x9c3d</value>
         <object_component_ref idref="oc-152"/>
      </symbol>
      <symbol id="sm-2f8">
         <name>_GpioCtrlRegs</name>
         <value>0x6f80</value>
         <object_component_ref idref="oc-cb"/>
      </symbol>
      <symbol id="sm-2f9">
         <name>_PieVectTable</name>
         <value>0xd00</value>
         <object_component_ref idref="oc-da"/>
      </symbol>
      <symbol id="sm-2fa">
         <name>_ECap4Regs</name>
         <value>0x6a60</value>
         <object_component_ref idref="oc-bd"/>
      </symbol>
      <symbol id="sm-2fb">
         <name>_CsmRegs</name>
         <value>0xae0</value>
         <object_component_ref idref="oc-b1"/>
      </symbol>
      <symbol id="sm-2fc">
         <name>_ECanaLAMRegs</name>
         <value>0x6040</value>
         <object_component_ref idref="oc-ce"/>
      </symbol>
      <symbol id="sm-2fd">
         <name>_ECanbMOTORegs</name>
         <value>0x62c0</value>
         <object_component_ref idref="oc-d3"/>
      </symbol>
      <symbol id="sm-2fe">
         <name>_EPwm4Regs</name>
         <value>0x68c0</value>
         <object_component_ref idref="oc-c5"/>
      </symbol>
      <symbol id="sm-2ff">
         <name>_ECap5Regs</name>
         <value>0x6a80</value>
         <object_component_ref idref="oc-be"/>
      </symbol>
      <symbol id="sm-300">
         <name>_CpuTimer1Regs</name>
         <value>0xc08</value>
         <object_component_ref idref="oc-ab"/>
      </symbol>
      <symbol id="sm-301">
         <name>_SysCtrlRegs</name>
         <value>0x7010</value>
         <object_component_ref idref="oc-c1"/>
      </symbol>
      <symbol id="sm-302">
         <name>_EPwm5Regs</name>
         <value>0x6900</value>
         <object_component_ref idref="oc-c6"/>
      </symbol>
      <symbol id="sm-303">
         <name>_SpiaRegs</name>
         <value>0x7040</value>
         <object_component_ref idref="oc-b5"/>
      </symbol>
      <symbol id="sm-304">
         <name>_ECanaMOTSRegs</name>
         <value>0x6080</value>
         <object_component_ref idref="oc-cf"/>
      </symbol>
      <symbol id="sm-305">
         <name>_ECap6Regs</name>
         <value>0x6aa0</value>
         <object_component_ref idref="oc-bf"/>
      </symbol>
      <symbol id="sm-306">
         <name>_DmaRegs</name>
         <value>0x1000</value>
         <object_component_ref idref="oc-d7"/>
      </symbol>
      <symbol id="sm-307">
         <name>_FlashRegs</name>
         <value>0xa80</value>
         <object_component_ref idref="oc-ae"/>
      </symbol>
      <symbol id="sm-308">
         <name>_CpuTimer0Regs</name>
         <value>0xc00</value>
         <object_component_ref idref="oc-aa"/>
      </symbol>
      <symbol id="sm-309">
         <name>_DevEmuRegs</name>
         <value>0x880</value>
         <object_component_ref idref="oc-d6"/>
      </symbol>
      <symbol id="sm-30a">
         <name>_McbspbRegs</name>
         <value>0x5040</value>
         <object_component_ref idref="oc-ca"/>
      </symbol>
      <symbol id="sm-30b">
         <name>_EPwm6Regs</name>
         <value>0x6940</value>
         <object_component_ref idref="oc-c7"/>
      </symbol>
      <symbol id="sm-30c">
         <name>_SciaRegs</name>
         <value>0x7050</value>
         <object_component_ref idref="oc-b2"/>
      </symbol>
      <symbol id="sm-30d">
         <name>_GpioDataRegs</name>
         <value>0x6fc0</value>
         <object_component_ref idref="oc-c0"/>
      </symbol>
      <symbol id="sm-30e">
         <name>_CsmPwl</name>
         <value>0x33fff8</value>
         <object_component_ref idref="oc-ad"/>
      </symbol>
      <symbol id="sm-30f">
         <name>_AdcRegs</name>
         <value>0x7100</value>
         <object_component_ref idref="oc-b8"/>
      </symbol>
      <symbol id="sm-310">
         <name>_XIntruptRegs</name>
         <value>0x7070</value>
         <object_component_ref idref="oc-b6"/>
      </symbol>
      <symbol id="sm-311">
         <name>_CpuTimer2Regs</name>
         <value>0xc10</value>
         <object_component_ref idref="oc-ac"/>
      </symbol>
      <symbol id="sm-312">
         <name>_PieCtrlRegs</name>
         <value>0xce0</value>
         <object_component_ref idref="oc-b7"/>
      </symbol>
      <symbol id="sm-313">
         <name>_ECanbMOTSRegs</name>
         <value>0x6280</value>
         <object_component_ref idref="oc-d2"/>
      </symbol>
      <symbol id="sm-314">
         <name>_ECanaRegs</name>
         <value>0x6000</value>
         <object_component_ref idref="oc-cc"/>
      </symbol>
      <symbol id="sm-315">
         <name>_AdcMirror</name>
         <value>0xb00</value>
         <object_component_ref idref="oc-b0"/>
      </symbol>
      <symbol id="sm-316">
         <name>_ECanbMboxes</name>
         <value>0x6300</value>
         <object_component_ref idref="oc-d9"/>
      </symbol>
      <symbol id="sm-317">
         <name>_XintfRegs</name>
         <value>0xb20</value>
         <object_component_ref idref="oc-b9"/>
      </symbol>
      <symbol id="sm-318">
         <name>_ScicRegs</name>
         <value>0x7770</value>
         <object_component_ref idref="oc-b4"/>
      </symbol>
      <symbol id="sm-319">
         <name>_ECap1Regs</name>
         <value>0x6a00</value>
         <object_component_ref idref="oc-ba"/>
      </symbol>
      <symbol id="sm-31a">
         <name>_EQep1Regs</name>
         <value>0x6b00</value>
         <object_component_ref idref="oc-d4"/>
      </symbol>
      <symbol id="sm-31b">
         <name>_McbspaRegs</name>
         <value>0x5000</value>
         <object_component_ref idref="oc-c9"/>
      </symbol>
      <symbol id="sm-31c">
         <name>_EPwm1Regs</name>
         <value>0x6800</value>
         <object_component_ref idref="oc-c2"/>
      </symbol>
      <symbol id="sm-31d">
         <name>_ECanbRegs</name>
         <value>0x6200</value>
         <object_component_ref idref="oc-cd"/>
      </symbol>
      <symbol id="sm-31e">
         <name>_ScibRegs</name>
         <value>0x7750</value>
         <object_component_ref idref="oc-b3"/>
      </symbol>
      <symbol id="sm-31f">
         <name>_ECap2Regs</name>
         <value>0x6a20</value>
         <object_component_ref idref="oc-bb"/>
      </symbol>
      <symbol id="sm-320">
         <name>_GpioIntRegs</name>
         <value>0x6fe0</value>
         <object_component_ref idref="oc-af"/>
      </symbol>
      <symbol id="sm-321">
         <name>_EQep2Regs</name>
         <value>0x6b40</value>
         <object_component_ref idref="oc-d5"/>
      </symbol>
      <symbol id="sm-322">
         <name>_EPwm2Regs</name>
         <value>0x6840</value>
         <object_component_ref idref="oc-c3"/>
      </symbol>
      <symbol id="sm-323">
         <name>_ECanaMboxes</name>
         <value>0x6100</value>
         <object_component_ref idref="oc-d8"/>
      </symbol>
      <symbol id="sm-324">
         <name>_ECap3Regs</name>
         <value>0x6a40</value>
         <object_component_ref idref="oc-bc"/>
      </symbol>
      <symbol id="sm-325">
         <name>_ECanaMOTORegs</name>
         <value>0x60c0</value>
         <object_component_ref idref="oc-d0"/>
      </symbol>
      <symbol id="sm-326">
         <name>_EPwm3Regs</name>
         <value>0x6880</value>
         <object_component_ref idref="oc-c4"/>
      </symbol>
      <symbol id="sm-327">
         <name>_ECanbLAMRegs</name>
         <value>0x6240</value>
         <object_component_ref idref="oc-d1"/>
      </symbol>
      <symbol id="sm-328">
         <name>_I2caRegs</name>
         <value>0x7900</value>
         <object_component_ref idref="oc-c8"/>
      </symbol>
      <symbol id="sm-33d">
         <name>_InitPieCtrl</name>
         <value>0x9dd9</value>
         <object_component_ref idref="oc-140"/>
      </symbol>
      <symbol id="sm-33e">
         <name>_EnableInterrupts</name>
         <value>0x9df8</value>
         <object_component_ref idref="oc-140"/>
      </symbol>
      <symbol id="sm-34e">
         <name>_PieVectTableInit</name>
         <value>0xd000</value>
         <object_component_ref idref="oc-14d"/>
      </symbol>
      <symbol id="sm-34f">
         <name>_InitPieVectTable</name>
         <value>0x9e25</value>
         <object_component_ref idref="oc-141"/>
      </symbol>
      <symbol id="sm-35b">
         <name>_InitScicGpio</name>
         <value>0x9d60</value>
         <object_component_ref idref="oc-153"/>
      </symbol>
      <symbol id="sm-35c">
         <name>_InitScibGpio</name>
         <value>0x9d4c</value>
         <object_component_ref idref="oc-153"/>
      </symbol>
      <symbol id="sm-35d">
         <name>_InitSciaGpio</name>
         <value>0x9d37</value>
         <object_component_ref idref="oc-153"/>
      </symbol>
      <symbol id="sm-35e">
         <name>_InitSciGpio</name>
         <value>0x9d32</value>
         <object_component_ref idref="oc-153"/>
      </symbol>
      <symbol id="sm-35f">
         <name>_InitSci</name>
         <value>0x9d31</value>
         <object_component_ref idref="oc-153"/>
      </symbol>
      <symbol id="sm-374">
         <name>_InitPll</name>
         <value>0x9714</value>
         <object_component_ref idref="oc-13f"/>
      </symbol>
      <symbol id="sm-375">
         <name>_DisableDog</name>
         <value>0x970c</value>
         <object_component_ref idref="oc-13f"/>
      </symbol>
      <symbol id="sm-376">
         <name>_InitPeripheralClocks</name>
         <value>0x9765</value>
         <object_component_ref idref="oc-13f"/>
      </symbol>
      <symbol id="sm-377">
         <name>_CsmUnlock</name>
         <value>0x97c0</value>
         <object_component_ref idref="oc-13f"/>
      </symbol>
      <symbol id="sm-378">
         <name>_ServiceDog</name>
         <value>0x9702</value>
         <object_component_ref idref="oc-13f"/>
      </symbol>
      <symbol id="sm-379">
         <name>_InitSysCtrl</name>
         <value>0x96f9</value>
         <object_component_ref idref="oc-13f"/>
      </symbol>
      <symbol id="sm-385">
         <name>_DSP28x_usDelay</name>
         <value>0x8066</value>
         <object_component_ref idref="oc-f5"/>
      </symbol>
      <symbol id="sm-3a4">
         <name>_E_Speed</name>
         <value>0xc01a</value>
         <object_component_ref idref="oc-fc"/>
      </symbol>
      <symbol id="sm-3a5">
         <name>_main</name>
         <value>0x95e9</value>
         <object_component_ref idref="oc-13c"/>
      </symbol>
      <symbol id="sm-3a6">
         <name>_calibration</name>
         <value>0xc01e</value>
         <object_component_ref idref="oc-fc"/>
      </symbol>
      <symbol id="sm-3a7">
         <name>_key</name>
         <value>0xc018</value>
         <object_component_ref idref="oc-fc"/>
      </symbol>
      <symbol id="sm-3a8">
         <name>_state</name>
         <value>0xc024</value>
         <object_component_ref idref="oc-fc"/>
      </symbol>
      <symbol id="sm-3a9">
         <name>_speed</name>
         <value>0xc01c</value>
         <object_component_ref idref="oc-fc"/>
      </symbol>
      <symbol id="sm-3aa">
         <name>_PID_Init</name>
         <value>0x96de</value>
         <object_component_ref idref="oc-13c"/>
      </symbol>
      <symbol id="sm-3c5">
         <name>_c_int00</name>
         <value>0x9c8d</value>
         <object_component_ref idref="oc-4a"/>
      </symbol>
      <symbol id="sm-3c6">
         <name>__stack</name>
         <value>0x400</value>
         <object_component_ref idref="oc-101"/>
      </symbol>
      <symbol id="sm-3d7">
         <name>FS$$DIV</name>
         <value>0x9a09</value>
         <object_component_ref idref="oc-107"/>
      </symbol>
      <symbol id="sm-3e3">
         <name>U$$MOD</name>
         <value>0x9e98</value>
         <object_component_ref idref="oc-10c"/>
      </symbol>
      <symbol id="sm-3e4">
         <name>U$$DIV</name>
         <value>0x9e93</value>
         <object_component_ref idref="oc-10c"/>
      </symbol>
      <symbol id="sm-3f3">
         <name>_copy_in</name>
         <value>0x9e01</value>
         <object_component_ref idref="oc-137"/>
      </symbol>
      <symbol id="sm-404">
         <name>_memcpy</name>
         <value>0x9e45</value>
         <object_component_ref idref="oc-13b"/>
      </symbol>
      <symbol id="sm-410">
         <name>__system_pre_init</name>
         <value>0x9eaf</value>
         <object_component_ref idref="oc-136"/>
      </symbol>
      <symbol id="sm-41d">
         <name>__system_post_cinit</name>
         <value>0x9eb1</value>
         <object_component_ref idref="oc-138"/>
      </symbol>
      <symbol id="sm-431">
         <name>C$$EXIT</name>
         <value>0x9db0</value>
         <object_component_ref idref="oc-13a"/>
      </symbol>
      <symbol id="sm-432">
         <name>_exit</name>
         <value>0x9db2</value>
         <object_component_ref idref="oc-13a"/>
      </symbol>
      <symbol id="sm-433">
         <name>___TI_cleanup_ptr</name>
         <value>0xc04c</value>
         <object_component_ref idref="oc-127"/>
      </symbol>
      <symbol id="sm-434">
         <name>___TI_enable_exit_profile_output</name>
         <value>0xc04a</value>
         <object_component_ref idref="oc-127"/>
      </symbol>
      <symbol id="sm-435">
         <name>_abort</name>
         <value>0x9db0</value>
         <object_component_ref idref="oc-13a"/>
      </symbol>
      <symbol id="sm-436">
         <name>___TI_dtors_ptr</name>
         <value>0xc04e</value>
         <object_component_ref idref="oc-127"/>
      </symbol>
      <symbol id="sm-44a">
         <name>__unlock</name>
         <value>0xc056</value>
         <object_component_ref idref="oc-154"/>
      </symbol>
      <symbol id="sm-44b">
         <name>__lock</name>
         <value>0xc054</value>
         <object_component_ref idref="oc-13d"/>
      </symbol>
      <symbol id="sm-44c">
         <name>__register_lock</name>
         <value>0x9ea2</value>
         <object_component_ref idref="oc-14b"/>
      </symbol>
      <symbol id="sm-44d">
         <name>__nop</name>
         <value>0x9ea6</value>
         <object_component_ref idref="oc-14b"/>
      </symbol>
      <symbol id="sm-44e">
         <name>__register_unlock</name>
         <value>0x9e9e</value>
         <object_component_ref idref="oc-14b"/>
      </symbol>
      <symbol id="sm-45d">
         <name>__args_main</name>
         <value>0x9e62</value>
         <object_component_ref idref="oc-139"/>
      </symbol>
   </symbol_table>
   <title>Link successful</title>
</link_info>
