******************************************************************************
             TMS320C2000 Linker PC v18.12.2                    
******************************************************************************
>> Linked Thu Mar 27 14:43:02 2025

OUTPUT FILE NAME:   <Example30_DSP2833x_IIC_eeprom.out>
ENTRY POINT SYMBOL: "_c_int00"  address: 00009e06


MEMORY CONFIGURATION

         name            origin    length      used     unused   attr    fill
----------------------  --------  ---------  --------  --------  ----  --------
PAGE 0:
  BEGIN                 00000000   00000002  00000002  00000000  RWIX
  RAMM0                 00000050   000003b0  00000000  000003b0  RWIX
  RAML0                 00008000   00001000  0000004a  00000fb6  RWIX
  RAML1                 00009000   00002000  0000108e  00000f72  RWIX
  RAML2                 0000b000   00001000  00000000  00001000  RWIX
  RAML3                 0000c000   00001000  00000000  00001000  RWIX
  ZONE7A                00200000   0000fc00  00000000  0000fc00  RWIX
  CSM_RSVD              0033ff80   00000076  00000000  00000076  RWIX
  CSM_PWL               0033fff8   00000008  00000000  00000008  RWIX
  ADC_CAL               00380080   00000009  00000007  00000002  RWIX
  IQTABLES              003fe000   00000b50  00000000  00000b50  RWIX
  IQTABLES2             003feb50   0000008c  00000000  0000008c  RWIX
  FPUTABLES             003febdc   000006a0  00000000  000006a0  RWIX
  BOOTROM               003ff27c   00000d44  00000000  00000d44  RWIX
  RESET                 003fffc0   00000002  00000000  00000002  RWIX

PAGE 1:
  BOOT_RSVD             00000002   0000004e  00000000  0000004e  RWIX
  RAMM1                 00000400   00000400  00000300  00000100  RWIX
  DEV_EMU               00000880   00000180  000000d0  000000b0  RWIX
  FLASH_REGS            00000a80   00000060  00000008  00000058  RWIX
  CSM                   00000ae0   00000010  00000010  00000000  RWIX
  ADC_MIRROR            00000b00   00000010  00000010  00000000  RWIX
  XINTF                 00000b20   00000020  0000001e  00000002  RWIX
  CPU_TIMER0            00000c00   00000008  00000008  00000000  RWIX
  CPU_TIMER1            00000c08   00000008  00000008  00000000  RWIX
  CPU_TIMER2            00000c10   00000008  00000008  00000000  RWIX
  PIE_CTRL              00000ce0   00000020  0000001a  00000006  RWIX
  PIE_VECT              00000d00   00000100  00000100  00000000  RWIX
  DMA                   00001000   00000200  000000e0  00000120  RWIX
  MCBSPA                00005000   00000040  00000025  0000001b  RWIX
  MCBSPB                00005040   00000040  00000025  0000001b  RWIX
  ECANA                 00006000   00000040  00000034  0000000c  RWIX
  ECANA_LAM             00006040   00000040  00000040  00000000  RWIX
  ECANA_MOTS            00006080   00000040  00000040  00000000  RWIX
  ECANA_MOTO            000060c0   00000040  00000040  00000000  RWIX
  ECANA_MBOX            00006100   00000100  00000100  00000000  RWIX
  ECANB                 00006200   00000040  00000034  0000000c  RWIX
  ECANB_LAM             00006240   00000040  00000040  00000000  RWIX
  ECANB_MOTS            00006280   00000040  00000040  00000000  RWIX
  ECANB_MOTO            000062c0   00000040  00000040  00000000  RWIX
  ECANB_MBOX            00006300   00000100  00000100  00000000  RWIX
  EPWM1                 00006800   00000022  00000022  00000000  RWIX
  EPWM2                 00006840   00000022  00000022  00000000  RWIX
  EPWM3                 00006880   00000022  00000022  00000000  RWIX
  EPWM4                 000068c0   00000022  00000022  00000000  RWIX
  EPWM5                 00006900   00000022  00000022  00000000  RWIX
  EPWM6                 00006940   00000022  00000022  00000000  RWIX
  ECAP1                 00006a00   00000020  00000020  00000000  RWIX
  ECAP2                 00006a20   00000020  00000020  00000000  RWIX
  ECAP3                 00006a40   00000020  00000020  00000000  RWIX
  ECAP4                 00006a60   00000020  00000020  00000000  RWIX
  ECAP5                 00006a80   00000020  00000020  00000000  RWIX
  ECAP6                 00006aa0   00000020  00000020  00000000  RWIX
  EQEP1                 00006b00   00000040  00000040  00000000  RWIX
  EQEP2                 00006b40   00000040  00000040  00000000  RWIX
  GPIOCTRL              00006f80   00000040  0000002e  00000012  RWIX
  GPIODAT               00006fc0   00000020  00000020  00000000  RWIX
  GPIOINT               00006fe0   00000020  0000000a  00000016  RWIX
  SYSTEM                00007010   00000020  00000020  00000000  RWIX
  SPIA                  00007040   00000010  00000010  00000000  RWIX
  SCIA                  00007050   00000010  00000010  00000000  RWIX
  XINTRUPT              00007070   00000010  00000010  00000000  RWIX
  ADC                   00007100   00000020  0000001e  00000002  RWIX
  SCIB                  00007750   00000010  00000010  00000000  RWIX
  SCIC                  00007770   00000010  00000010  00000000  RWIX
  I2CA                  00007900   00000040  00000022  0000001e  RWIX
  RAML4                 0000c000   00001000  00000058  00000fa8  RWIX
  RAML5                 0000d000   00001000  00000129  00000ed7  RWIX
  RAML6                 0000e000   00001000  00000000  00001000  RWIX
  RAML7                 0000f000   00001000  00000000  00001000  RWIX
  ZONE7B                0020fc00   00000400  00000000  00000400  RWIX
  CSM_PWL               0033fff8   00000008  00000008  00000000  RWIX


SECTION ALLOCATION MAP

 output                                  attributes/
section   page    origin      length       input sections
--------  ----  ----------  ----------   ----------------
codestart 
*          0    00000000    00000002     
                  00000000    00000002     DSP2833x_CodeStartBranch.obj (codestart)

.cinit     0    00008000    00000046     
                  00008000    00000013     smg.obj (.cinit:_smgduan)
                  00008013    0000000e     rts2800_fpu32.lib : exit.c.obj (.cinit)
                  00008021    0000000d     uart.obj (.cinit:_Buff)
                  0000802e    0000000c     key.obj (.cinit)
                  0000803a    00000005     rts2800_fpu32.lib : _lock.c.obj (.cinit:__lock)
                  0000803f    00000005                       : _lock.c.obj (.cinit:__unlock)
                  00008044    00000002     --HOLE-- [fill = 0]

ramfuncs   0    00008046    00000004     
                  00008046    00000004     DSP2833x_usDelay.obj (ramfuncs)

.text      0    00009000    0000108e     
                  00009000    00000348     smg.obj (.text)
                  00009348    00000323     DSP2833x_DefaultIsr.obj (.text:retain)
                  0000966b    00000130     uart.obj (.text)
                  0000979b    00000110     key.obj (.text)
                  000098ab    00000108     iic.obj (.text)
                  000099b3    000000f8     DSP2833x_SysCtrl.obj (.text)
                  00009aab    000000c3     24cxx.obj (.text)
                  00009b6e    000000a6     time.obj (.text)
                  00009c14    00000095     spi.obj (.text:retain)
                  00009ca9    0000007b     DSP2833x_CpuTimers.obj (.text)
                  00009d24    0000007a     spi.obj (.text)
                  00009d9e    00000068     uart.obj (.text:retain)
                  00009e06    00000056     rts2800_fpu32.lib : boot28.asm.obj (.text)
                  00009e5c    00000054     main.obj (.text)
                  00009eb0    00000045     DSP2833x_Sci.obj (.text)
                  00009ef5    00000044     leds.obj (.text)
                  00009f39    0000003f     time.obj (.text:retain)
                  00009f78    0000002c     DSP2833x_Spi.obj (.text)
                  00009fa4    00000029     rts2800_fpu32.lib : exit.c.obj (.text)
                  00009fcd    00000028     DSP2833x_PieCtrl.obj (.text)
                  00009ff5    00000024     rts2800_fpu32.lib : cpy_tbl.c.obj (.text)
                  0000a019    00000020     DSP2833x_PieVect.obj (.text)
                  0000a039    0000001d     rts2800_fpu32.lib : memcpy.c.obj (.text)
                  0000a056    00000019                       : args_main.c.obj (.text)
                  0000a06f    0000000b                       : u_div28.asm.obj (.text)
                  0000a07a    00000009                       : _lock.c.obj (.text)
                  0000a083    00000008     DSP2833x_CodeStartBranch.obj (.text)
                  0000a08b    00000002     rts2800_fpu32.lib : pre_init.c.obj (.text)
                  0000a08d    00000001                       : startup.c.obj (.text)

.pinit     0    00008000    00000000     UNINITIALIZED

.stack     1    00000400    00000300     UNINITIALIZED
                  00000400    00000300     --HOLE--

DevEmuRegsFile 
*          1    00000880    000000d0     UNINITIALIZED
                  00000880    000000d0     DSP2833x_GlobalVariableDefs.obj (DevEmuRegsFile)

FlashRegsFile 
*          1    00000a80    00000008     UNINITIALIZED
                  00000a80    00000008     DSP2833x_GlobalVariableDefs.obj (FlashRegsFile)

CsmRegsFile 
*          1    00000ae0    00000010     UNINITIALIZED
                  00000ae0    00000010     DSP2833x_GlobalVariableDefs.obj (CsmRegsFile)

AdcMirrorFile 
*          1    00000b00    00000010     UNINITIALIZED
                  00000b00    00000010     DSP2833x_GlobalVariableDefs.obj (AdcMirrorFile)

XintfRegsFile 
*          1    00000b20    0000001e     UNINITIALIZED
                  00000b20    0000001e     DSP2833x_GlobalVariableDefs.obj (XintfRegsFile)

CpuTimer0RegsFile 
*          1    00000c00    00000008     UNINITIALIZED
                  00000c00    00000008     DSP2833x_GlobalVariableDefs.obj (CpuTimer0RegsFile)

CpuTimer1RegsFile 
*          1    00000c08    00000008     UNINITIALIZED
                  00000c08    00000008     DSP2833x_GlobalVariableDefs.obj (CpuTimer1RegsFile)

CpuTimer2RegsFile 
*          1    00000c10    00000008     UNINITIALIZED
                  00000c10    00000008     DSP2833x_GlobalVariableDefs.obj (CpuTimer2RegsFile)

PieCtrlRegsFile 
*          1    00000ce0    0000001a     UNINITIALIZED
                  00000ce0    0000001a     DSP2833x_GlobalVariableDefs.obj (PieCtrlRegsFile)

ECanaMOTSRegsFile 
*          1    00006080    00000040     UNINITIALIZED
                  00006080    00000040     DSP2833x_GlobalVariableDefs.obj (ECanaMOTSRegsFile)

ECanaMOTORegsFile 
*          1    000060c0    00000040     UNINITIALIZED
                  000060c0    00000040     DSP2833x_GlobalVariableDefs.obj (ECanaMOTORegsFile)

ECanbMOTSRegsFile 
*          1    00006280    00000040     UNINITIALIZED
                  00006280    00000040     DSP2833x_GlobalVariableDefs.obj (ECanbMOTSRegsFile)

ECanbMOTORegsFile 
*          1    000062c0    00000040     UNINITIALIZED
                  000062c0    00000040     DSP2833x_GlobalVariableDefs.obj (ECanbMOTORegsFile)

.ebss      1    0000c000    00000058     UNINITIALIZED
                  0000c000    00000018     DSP2833x_CpuTimers.obj (.ebss)
                  0000c018    00000010     smg.obj (.ebss:_smgduan)
                  0000c028    0000000a     uart.obj (.ebss:_Buff)
                  0000c032    00000008     spi.obj (.ebss:_rdata)
                  0000c03a    00000006     rts2800_fpu32.lib : exit.c.obj (.ebss)
                  0000c040    00000008     spi.obj (.ebss:_sdata)
                  0000c048    00000006     uart.obj (.ebss)
                  0000c04e    00000003     key.obj (.ebss)
                  0000c051    00000001     --HOLE--
                  0000c052    00000002     rts2800_fpu32.lib : _lock.c.obj (.ebss:__lock)
                  0000c054    00000002                       : _lock.c.obj (.ebss:__unlock)
                  0000c056    00000002     spi.obj (.ebss)

.econst    1    0000d000    00000129     
                  0000d000    00000100     DSP2833x_PieVect.obj (.econst:_PieVectTableInit)
                  0000d100    00000029     main.obj (.econst:.string)

.reset     0    003fffc0    00000002     DSECT
                  003fffc0    00000002     rts2800_fpu32.lib : boot28.asm.obj (.reset)

csm_rsvd   0    0033ff80    00000000     DSECT

csmpasswds 
*          0    0033fff8    00000000     DSECT

.adc_cal   0    00380080    00000007     NOLOAD SECTION
                  00380080    00000007     DSP2833x_ADC_cal.obj (.adc_cal)

PieVectTableFile 
*          1    00000d00    00000100     UNINITIALIZED
                  00000d00    00000100     DSP2833x_GlobalVariableDefs.obj (PieVectTableFile)

DmaRegsFile 
*          1    00001000    000000e0     UNINITIALIZED
                  00001000    000000e0     DSP2833x_GlobalVariableDefs.obj (DmaRegsFile)

McbspaRegsFile 
*          1    00005000    00000025     UNINITIALIZED
                  00005000    00000025     DSP2833x_GlobalVariableDefs.obj (McbspaRegsFile)

McbspbRegsFile 
*          1    00005040    00000025     UNINITIALIZED
                  00005040    00000025     DSP2833x_GlobalVariableDefs.obj (McbspbRegsFile)

ECanaRegsFile 
*          1    00006000    00000034     UNINITIALIZED
                  00006000    00000034     DSP2833x_GlobalVariableDefs.obj (ECanaRegsFile)

ECanaLAMRegsFile 
*          1    00006040    00000040     UNINITIALIZED
                  00006040    00000040     DSP2833x_GlobalVariableDefs.obj (ECanaLAMRegsFile)

ECanaMboxesFile 
*          1    00006100    00000100     UNINITIALIZED
                  00006100    00000100     DSP2833x_GlobalVariableDefs.obj (ECanaMboxesFile)

ECanbRegsFile 
*          1    00006200    00000034     UNINITIALIZED
                  00006200    00000034     DSP2833x_GlobalVariableDefs.obj (ECanbRegsFile)

ECanbLAMRegsFile 
*          1    00006240    00000040     UNINITIALIZED
                  00006240    00000040     DSP2833x_GlobalVariableDefs.obj (ECanbLAMRegsFile)

ECanbMboxesFile 
*          1    00006300    00000100     UNINITIALIZED
                  00006300    00000100     DSP2833x_GlobalVariableDefs.obj (ECanbMboxesFile)

EPwm1RegsFile 
*          1    00006800    00000022     UNINITIALIZED
                  00006800    00000022     DSP2833x_GlobalVariableDefs.obj (EPwm1RegsFile)

EPwm2RegsFile 
*          1    00006840    00000022     UNINITIALIZED
                  00006840    00000022     DSP2833x_GlobalVariableDefs.obj (EPwm2RegsFile)

EPwm3RegsFile 
*          1    00006880    00000022     UNINITIALIZED
                  00006880    00000022     DSP2833x_GlobalVariableDefs.obj (EPwm3RegsFile)

EPwm4RegsFile 
*          1    000068c0    00000022     UNINITIALIZED
                  000068c0    00000022     DSP2833x_GlobalVariableDefs.obj (EPwm4RegsFile)

EPwm5RegsFile 
*          1    00006900    00000022     UNINITIALIZED
                  00006900    00000022     DSP2833x_GlobalVariableDefs.obj (EPwm5RegsFile)

EPwm6RegsFile 
*          1    00006940    00000022     UNINITIALIZED
                  00006940    00000022     DSP2833x_GlobalVariableDefs.obj (EPwm6RegsFile)

ECap1RegsFile 
*          1    00006a00    00000020     UNINITIALIZED
                  00006a00    00000020     DSP2833x_GlobalVariableDefs.obj (ECap1RegsFile)

ECap2RegsFile 
*          1    00006a20    00000020     UNINITIALIZED
                  00006a20    00000020     DSP2833x_GlobalVariableDefs.obj (ECap2RegsFile)

ECap3RegsFile 
*          1    00006a40    00000020     UNINITIALIZED
                  00006a40    00000020     DSP2833x_GlobalVariableDefs.obj (ECap3RegsFile)

ECap4RegsFile 
*          1    00006a60    00000020     UNINITIALIZED
                  00006a60    00000020     DSP2833x_GlobalVariableDefs.obj (ECap4RegsFile)

ECap5RegsFile 
*          1    00006a80    00000020     UNINITIALIZED
                  00006a80    00000020     DSP2833x_GlobalVariableDefs.obj (ECap5RegsFile)

ECap6RegsFile 
*          1    00006aa0    00000020     UNINITIALIZED
                  00006aa0    00000020     DSP2833x_GlobalVariableDefs.obj (ECap6RegsFile)

EQep1RegsFile 
*          1    00006b00    00000040     UNINITIALIZED
                  00006b00    00000040     DSP2833x_GlobalVariableDefs.obj (EQep1RegsFile)

EQep2RegsFile 
*          1    00006b40    00000040     UNINITIALIZED
                  00006b40    00000040     DSP2833x_GlobalVariableDefs.obj (EQep2RegsFile)

GpioCtrlRegsFile 
*          1    00006f80    0000002e     UNINITIALIZED
                  00006f80    0000002e     DSP2833x_GlobalVariableDefs.obj (GpioCtrlRegsFile)

GpioDataRegsFile 
*          1    00006fc0    00000020     UNINITIALIZED
                  00006fc0    00000020     DSP2833x_GlobalVariableDefs.obj (GpioDataRegsFile)

GpioIntRegsFile 
*          1    00006fe0    0000000a     UNINITIALIZED
                  00006fe0    0000000a     DSP2833x_GlobalVariableDefs.obj (GpioIntRegsFile)

SysCtrlRegsFile 
*          1    00007010    00000020     UNINITIALIZED
                  00007010    00000020     DSP2833x_GlobalVariableDefs.obj (SysCtrlRegsFile)

SpiaRegsFile 
*          1    00007040    00000010     UNINITIALIZED
                  00007040    00000010     DSP2833x_GlobalVariableDefs.obj (SpiaRegsFile)

SciaRegsFile 
*          1    00007050    00000010     UNINITIALIZED
                  00007050    00000010     DSP2833x_GlobalVariableDefs.obj (SciaRegsFile)

XIntruptRegsFile 
*          1    00007070    00000010     UNINITIALIZED
                  00007070    00000010     DSP2833x_GlobalVariableDefs.obj (XIntruptRegsFile)

AdcRegsFile 
*          1    00007100    0000001e     UNINITIALIZED
                  00007100    0000001e     DSP2833x_GlobalVariableDefs.obj (AdcRegsFile)

ScibRegsFile 
*          1    00007750    00000010     UNINITIALIZED
                  00007750    00000010     DSP2833x_GlobalVariableDefs.obj (ScibRegsFile)

ScicRegsFile 
*          1    00007770    00000010     UNINITIALIZED
                  00007770    00000010     DSP2833x_GlobalVariableDefs.obj (ScicRegsFile)

I2caRegsFile 
*          1    00007900    00000022     UNINITIALIZED
                  00007900    00000022     DSP2833x_GlobalVariableDefs.obj (I2caRegsFile)

CsmPwlFile 
*          1    0033fff8    00000008     UNINITIALIZED
                  0033fff8    00000008     DSP2833x_GlobalVariableDefs.obj (CsmPwlFile)

MODULE SUMMARY

       Module                            code   initialized data   uninitialized data
       ------                            ----   ----------------   ------------------
    .\APP\24cxx\
       24cxx.obj                         195    0                  0                 
    +--+---------------------------------+------+------------------+--------------------+
       Total:                            195    0                  0                 
                                                                                     
    .\APP\iic\
       iic.obj                           264    0                  0                 
    +--+---------------------------------+------+------------------+--------------------+
       Total:                            264    0                  0                 
                                                                                     
    .\APP\key\
       key.obj                           272    12                 3                 
    +--+---------------------------------+------+------------------+--------------------+
       Total:                            272    12                 3                 
                                                                                     
    .\APP\leds\
       leds.obj                          68     0                  0                 
    +--+---------------------------------+------+------------------+--------------------+
       Total:                            68     0                  0                 
                                                                                     
    .\APP\smg\
       smg.obj                           840    19                 16                
    +--+---------------------------------+------+------------------+--------------------+
       Total:                            840    19                 16                
                                                                                     
    .\APP\spi\
       spi.obj                           271    0                  18                
    +--+---------------------------------+------+------------------+--------------------+
       Total:                            271    0                  18                
                                                                                     
    .\APP\time\
       time.obj                          229    0                  0                 
    +--+---------------------------------+------+------------------+--------------------+
       Total:                            229    0                  0                 
                                                                                     
    .\APP\uart\
       uart.obj                          408    13                 16                
    +--+---------------------------------+------+------------------+--------------------+
       Total:                            408    13                 16                
                                                                                     
    .\DSP2833x_Libraries\
       DSP2833x_GlobalVariableDefs.obj   0      0                  2678              
       DSP2833x_DefaultIsr.obj           803    0                  0                 
       DSP2833x_PieVect.obj              32     256                0                 
       DSP2833x_SysCtrl.obj              248    0                  0                 
       DSP2833x_CpuTimers.obj            123    0                  24                
       DSP2833x_Sci.obj                  69     0                  0                 
       DSP2833x_Spi.obj                  44     0                  0                 
       DSP2833x_PieCtrl.obj              40     0                  0                 
       DSP2833x_CodeStartBranch.obj      10     0                  0                 
       DSP2833x_ADC_cal.obj              7      0                  0                 
       DSP2833x_usDelay.obj              4      0                  0                 
    +--+---------------------------------+------+------------------+--------------------+
       Total:                            1380   256                2702              
                                                                                     
    .\User\
       main.obj                          84     41                 0                 
    +--+---------------------------------+------+------------------+--------------------+
       Total:                            84     41                 0                 
                                                                                     
    E:\CCS\CCS9.1.0.00010_win64\setup\ccs\tools\compiler\ti-cgt-c2000_18.12.2.LTS\lib\rts2800_fpu32.lib
       boot28.asm.obj                    86     0                  0                 
       exit.c.obj                        41     14                 6                 
       cpy_tbl.c.obj                     36     0                  0                 
       memcpy.c.obj                      29     0                  0                 
       args_main.c.obj                   25     0                  0                 
       _lock.c.obj                       9      10                 4                 
       u_div28.asm.obj                   11     0                  0                 
       pre_init.c.obj                    2      0                  0                 
       startup.c.obj                     1      0                  0                 
    +--+---------------------------------+------+------------------+--------------------+
       Total:                            240    24                 10                
                                                                                     
       Stack:                            0      0                  768               
    +--+---------------------------------+------+------------------+--------------------+
       Grand Total:                      4251   365                3533              


GLOBAL DATA SYMBOLS: SORTED BY DATA PAGE

address     data page           name
--------    ----------------    ----
00000400      10 (00000400)     __stack

00000880      22 (00000880)     _DevEmuRegs

00000a80      2a (00000a80)     _FlashRegs

00000ae0      2b (00000ac0)     _CsmRegs

00000b00      2c (00000b00)     _AdcMirror
00000b20      2c (00000b00)     _XintfRegs

00000c00      30 (00000c00)     _CpuTimer0Regs
00000c08      30 (00000c00)     _CpuTimer1Regs
00000c10      30 (00000c00)     _CpuTimer2Regs

00000ce0      33 (00000cc0)     _PieCtrlRegs

00000d00      34 (00000d00)     _PieVectTable

00001000      40 (00001000)     _DmaRegs

00005000     140 (00005000)     _McbspaRegs

00005040     141 (00005040)     _McbspbRegs

00006000     180 (00006000)     _ECanaRegs

00006040     181 (00006040)     _ECanaLAMRegs

00006080     182 (00006080)     _ECanaMOTSRegs

000060c0     183 (000060c0)     _ECanaMOTORegs

00006100     184 (00006100)     _ECanaMboxes

00006200     188 (00006200)     _ECanbRegs

00006240     189 (00006240)     _ECanbLAMRegs

00006280     18a (00006280)     _ECanbMOTSRegs

000062c0     18b (000062c0)     _ECanbMOTORegs

00006300     18c (00006300)     _ECanbMboxes

00006800     1a0 (00006800)     _EPwm1Regs

00006840     1a1 (00006840)     _EPwm2Regs

00006880     1a2 (00006880)     _EPwm3Regs

000068c0     1a3 (000068c0)     _EPwm4Regs

00006900     1a4 (00006900)     _EPwm5Regs

00006940     1a5 (00006940)     _EPwm6Regs

00006a00     1a8 (00006a00)     _ECap1Regs
00006a20     1a8 (00006a00)     _ECap2Regs

00006a40     1a9 (00006a40)     _ECap3Regs
00006a60     1a9 (00006a40)     _ECap4Regs

00006a80     1aa (00006a80)     _ECap5Regs
00006aa0     1aa (00006a80)     _ECap6Regs

00006b00     1ac (00006b00)     _EQep1Regs

00006b40     1ad (00006b40)     _EQep2Regs

00006f80     1be (00006f80)     _GpioCtrlRegs

00006fc0     1bf (00006fc0)     _GpioDataRegs
00006fe0     1bf (00006fc0)     _GpioIntRegs

00007010     1c0 (00007000)     _SysCtrlRegs

00007040     1c1 (00007040)     _SpiaRegs
00007050     1c1 (00007040)     _SciaRegs
00007070     1c1 (00007040)     _XIntruptRegs

00007100     1c4 (00007100)     _AdcRegs

00007750     1dd (00007740)     _ScibRegs
00007770     1dd (00007740)     _ScicRegs

00007900     1e4 (00007900)     _I2caRegs

0000c000     300 (0000c000)     _CpuTimer0
0000c008     300 (0000c000)     _CpuTimer1
0000c010     300 (0000c000)     _CpuTimer2
0000c018     300 (0000c000)     _smgduan
0000c028     300 (0000c000)     _Buff
0000c032     300 (0000c000)     _rdata
0000c03a     300 (0000c000)     ___TI_enable_exit_profile_output
0000c03c     300 (0000c000)     ___TI_cleanup_ptr
0000c03e     300 (0000c000)     ___TI_dtors_ptr

0000c040     301 (0000c040)     _sdata
0000c048     301 (0000c040)     _ReceivedCount
0000c049     301 (0000c040)     _ErrorCount
0000c04a     301 (0000c040)     _SendChar
0000c04b     301 (0000c040)     _ReceivedAChar
0000c04c     301 (0000c040)     _ReceivedBChar
0000c04d     301 (0000c040)     _BRRVal
0000c052     301 (0000c040)     __lock
0000c054     301 (0000c040)     __unlock
0000c056     301 (0000c040)     _errcounter
0000c057     301 (0000c040)     _rdata_point

0000d000     340 (0000d000)     _PieVectTableInit

0033fff8    cfff (0033ffc0)     _CsmPwl


GLOBAL SYMBOLS: SORTED ALPHABETICALLY BY Name 

page  address   name                            
----  -------   ----                            
0     00009000  .text                           
0     00009fa4  C$$EXIT                         
0     0000a06f  U$$DIV                          
0     0000a074  U$$MOD                          
0     0000942e  _ADCINT_ISR                     
0     00380080  _ADC_cal                        
0     00009b2a  _AT24CXX_Check                  
0     00009aab  _AT24CXX_Init                   
0     00009b42  _AT24CXX_Read                   
0     00009b10  _AT24CXX_ReadLenByte            
0     00009aae  _AT24CXX_ReadOneByte            
0     00009b56  _AT24CXX_Write                  
0     00009af6  _AT24CXX_WriteLenByte           
0     00009ad3  _AT24CXX_WriteOneByte           
1     00000b00  _AdcMirror                      
1     00007100  _AdcRegs                        
1     0000c04d  _BRRVal                         
1     0000c028  _Buff                           
0     00009cea  _ConfigCpuTimer                 
1     0000c000  _CpuTimer0                      
1     00000c00  _CpuTimer0Regs                  
1     0000c008  _CpuTimer1                      
1     00000c08  _CpuTimer1Regs                  
1     0000c010  _CpuTimer2                      
1     00000c10  _CpuTimer2Regs                  
1     0033fff8  _CsmPwl                         
1     00000ae0  _CsmRegs                        
0     00009a7a  _CsmUnlock                      
0     0000935c  _DATALOG_ISR                    
0     00009550  _DINTCH1_ISR                    
0     0000955a  _DINTCH2_ISR                    
0     00009564  _DINTCH3_ISR                    
0     0000956e  _DINTCH4_ISR                    
0     00009578  _DINTCH5_ISR                    
0     00009582  _DINTCH6_ISR                    
0     00008046  _DSP28x_usDelay                 
1     00000880  _DevEmuRegs                     
0     000099c6  _DisableDog                     
1     00001000  _DmaRegs                        
0     000095dc  _ECAN0INTA_ISR                  
0     000095f0  _ECAN0INTB_ISR                  
0     000095e6  _ECAN1INTA_ISR                  
0     000095fa  _ECAN1INTB_ISR                  
0     000094c4  _ECAP1_INT_ISR                  
0     000094ce  _ECAP2_INT_ISR                  
0     000094d8  _ECAP3_INT_ISR                  
0     000094e2  _ECAP4_INT_ISR                  
0     000094ec  _ECAP5_INT_ISR                  
0     000094f6  _ECAP6_INT_ISR                  
1     00006040  _ECanaLAMRegs                   
1     000060c0  _ECanaMOTORegs                  
1     00006080  _ECanaMOTSRegs                  
1     00006100  _ECanaMboxes                    
1     00006000  _ECanaRegs                      
1     00006240  _ECanbLAMRegs                   
1     000062c0  _ECanbMOTORegs                  
1     00006280  _ECanbMOTSRegs                  
1     00006300  _ECanbMboxes                    
1     00006200  _ECanbRegs                      
1     00006a00  _ECap1Regs                      
1     00006a20  _ECap2Regs                      
1     00006a40  _ECap3Regs                      
1     00006a60  _ECap4Regs                      
1     00006a80  _ECap5Regs                      
1     00006aa0  _ECap6Regs                      
0     0000964a  _EMPTY_ISR                      
0     00009370  _EMUINT_ISR                     
0     00009488  _EPWM1_INT_ISR                  
0     0000944c  _EPWM1_TZINT_ISR                
0     00009492  _EPWM2_INT_ISR                  
0     00009456  _EPWM2_TZINT_ISR                
0     0000949c  _EPWM3_INT_ISR                  
0     00009460  _EPWM3_TZINT_ISR                
0     000094a6  _EPWM4_INT_ISR                  
0     0000946a  _EPWM4_TZINT_ISR                
0     000094b0  _EPWM5_INT_ISR                  
0     00009474  _EPWM5_TZINT_ISR                
0     000094ba  _EPWM6_INT_ISR                  
0     0000947e  _EPWM6_TZINT_ISR                
1     00006800  _EPwm1Regs                      
1     00006840  _EPwm2Regs                      
1     00006880  _EPwm3Regs                      
1     000068c0  _EPwm4Regs                      
1     00006900  _EPwm5Regs                      
1     00006940  _EPwm6Regs                      
0     00009500  _EQEP1_INT_ISR                  
0     0000950a  _EQEP2_INT_ISR                  
1     00006b00  _EQep1Regs                      
1     00006b40  _EQep2Regs                      
0     00009fec  _EnableInterrupts               
1     0000c049  _ErrorCount                     
1     00000a80  _FlashRegs                      
1     00006f80  _GpioCtrlRegs                   
1     00006fc0  _GpioDataRegs                   
1     00006fe0  _GpioIntRegs                    
0     00009038  _HC164SendData                  
0     0000958c  _I2CINT1A_ISR                   
0     00009596  _I2CINT2A_ISR                   
1     00007900  _I2caRegs                       
0     000098ab  _IICA_Init                      
0     00009925  _IIC_Ack                        
0     0000993e  _IIC_NAck                       
0     00009988  _IIC_Read_Byte                  
0     00009957  _IIC_Send_Byte                  
0     000098d5  _IIC_Start                      
0     000098ec  _IIC_Stop                       
0     00009901  _IIC_Wait_Ack                   
0     00009384  _ILLEGAL_ISR                    
0     00009348  _INT13_ISR                      
0     00009352  _INT14_ISR                      
0     00009ca9  _InitCpuTimers                  
0     00009a1f  _InitPeripheralClocks           
0     00009fcd  _InitPieCtrl                    
0     0000a019  _InitPieVectTable               
0     000099ce  _InitPll                        
0     00009eb0  _InitSci                        
0     00009eb1  _InitSciGpio                    
0     00009eb6  _InitSciaGpio                   
0     00009ecb  _InitScibGpio                   
0     00009edf  _InitScicGpio                   
0     00009f78  _InitSpi                        
0     00009f79  _InitSpiGpio                    
0     00009f7c  _InitSpiaGpio                   
0     000099b3  _InitSysCtrl                    
0     0000979b  _KEY_Init                       
0     000097d1  _KEY_Scan                       
0     00009ef5  _LED_Init                       
0     00009640  _LUF_ISR                        
0     00009636  _LVF_ISR                        
0     0000953c  _MRINTA_ISR                     
0     00009528  _MRINTB_ISR                     
0     00009546  _MXINTA_ISR                     
0     00009532  _MXINTB_ISR                     
1     00005000  _McbspaRegs                     
1     00005040  _McbspbRegs                     
0     0000937a  _NMI_ISR                        
0     00009657  _PIE_RESERVED                   
1     00000ce0  _PieCtrlRegs                    
1     00000d00  _PieVectTable                   
1     0000d000  _PieVectTableInit               
0     00009366  _RTOSINT_ISR                    
1     0000c04b  _ReceivedAChar                  
1     0000c04c  _ReceivedBChar                  
1     0000c048  _ReceivedCount                  
0     000095b4  _SCIRXINTA_ISR                  
0     000095c8  _SCIRXINTB_ISR                  
0     000095a0  _SCIRXINTC_ISR                  
0     000095be  _SCITXINTA_ISR                  
0     000095d2  _SCITXINTB_ISR                  
0     000095aa  _SCITXINTC_ISR                  
0     000098cd  _SDA_IN                         
0     000098c5  _SDA_OUT                        
0     00009406  _SEQ1INT_ISR                    
0     00009410  _SEQ2INT_ISR                    
0     000091b6  _SMGBitSelectionGPIO_Init       
0     0000925d  _SMGSPIA_DisplayFloat           
0     000091e7  _SMGSPIA_DisplayInt             
0     000091e2  _SMGSPIA_Init                   
0     000090cb  _SMG_DisplayFloat               
0     00009055  _SMG_DisplayInt                 
0     00009000  _SMG_Init                       
0     00009d89  _SPIA_INTFIFO_Test              
0     00009d51  _SPIA_INT_Init                  
0     00009d24  _SPIA_Init                      
0     00009d3f  _SPIA_SendReciveData            
0     00009514  _SPIRXINTA_ISR                  
0     0000951e  _SPITXINTA_ISR                  
1     00007050  _SciaRegs                       
1     00007750  _ScibRegs                       
1     00007770  _ScicRegs                       
1     0000c04a  _SendChar                       
0     000099bc  _ServiceDog                     
1     00007040  _SpiaRegs                       
1     00007010  _SysCtrlRegs                    
0     00009f39  _TIM0_IRQn                      
0     00009b6e  _TIM0_Init                      
0     00009f57  _TIM1_IRQn                      
0     00009ba8  _TIM1_Init                      
0     00009f64  _TIM2_IRQn                      
0     00009bde  _TIM2_Init                      
0     00009438  _TINT0_ISR                      
0     0000971a  _UART_AutoBaud_Test             
0     0000966b  _UARTa_Init                     
0     000096a4  _UARTa_SendByte                 
0     000096b0  _UARTa_SendString               
0     000093e8  _USER10_ISR                     
0     000093f2  _USER11_ISR                     
0     000093fc  _USER12_ISR                     
0     0000938e  _USER1_ISR                      
0     00009398  _USER2_ISR                      
0     000093a2  _USER3_ISR                      
0     000093ac  _USER4_ISR                      
0     000093b6  _USER5_ISR                      
0     000093c0  _USER6_ISR                      
0     000093ca  _USER7_ISR                      
0     000093d4  _USER8_ISR                      
0     000093de  _USER9_ISR                      
0     00009442  _WAKEINT_ISR                    
0     0000941a  _XINT1_ISR                      
0     00009424  _XINT2_ISR                      
0     00009604  _XINT3_ISR                      
0     0000960e  _XINT4_ISR                      
0     00009618  _XINT5_ISR                      
0     00009622  _XINT6_ISR                      
0     0000962c  _XINT7_ISR                      
1     00007070  _XIntruptRegs                   
1     00000b20  _XintfRegs                      
1     00000700  __STACK_END                     
abs   00000300  __STACK_SIZE                    
1     0000c03c  ___TI_cleanup_ptr               
1     0000c03e  ___TI_dtors_ptr                 
1     0000c03a  ___TI_enable_exit_profile_output
abs   ffffffff  ___TI_pprof_out_hndl            
abs   ffffffff  ___TI_prof_data_size            
abs   ffffffff  ___TI_prof_data_start           
abs   ffffffff  ___binit__                      
abs   ffffffff  ___c_args__                     
0     00008000  ___cinit__                      
0     0000a08e  ___etext__                      
abs   ffffffff  ___pinit__                      
0     00009000  ___text__                       
0     0000a056  __args_main                     
1     0000c052  __lock                          
0     0000a082  __nop                           
0     0000a07e  __register_lock                 
0     0000a07a  __register_unlock               
1     00000400  __stack                         
0     0000a08d  __system_post_cinit             
0     0000a08b  __system_pre_init               
1     0000c054  __unlock                        
0     00009fa4  _abort                          
0     00009e06  _c_int00                        
0     00009ff5  _copy_in                        
1     0000c056  _errcounter                     
0     000096c3  _error                          
0     00009fa6  _exit                           
0     00009e5c  _main                           
0     0000a039  _memcpy                         
1     0000c032  _rdata                          
1     0000c057  _rdata_point                    
0     00009661  _rsvd_ISR                       
0     00009d9e  _rxaint_isr                     
0     000096f5  _scia_AutobaudLock              
0     000096ca  _scia_init                      
0     000096e5  _scia_xmit                      
0     000096d9  _scib_init                      
0     000096ed  _scib_xmit                      
1     0000c040  _sdata                          
1     0000c018  _smgduan                        
0     00009c4c  _spiRxFifoIsr                   
0     00009c14  _spiTxFifoIsr                   
0     00009d4c  _spi_error                      
abs   ffffffff  binit                           
0     00008000  cinit                           
0     00000000  code_start                      
0     0000a08e  etext                           
abs   ffffffff  pinit                           


GLOBAL SYMBOLS: SORTED BY Symbol Address 

page  address   name                            
----  -------   ----                            
0     00000000  code_start                      
0     00008000  ___cinit__                      
0     00008000  cinit                           
0     00008046  _DSP28x_usDelay                 
0     00009000  .text                           
0     00009000  _SMG_Init                       
0     00009000  ___text__                       
0     00009038  _HC164SendData                  
0     00009055  _SMG_DisplayInt                 
0     000090cb  _SMG_DisplayFloat               
0     000091b6  _SMGBitSelectionGPIO_Init       
0     000091e2  _SMGSPIA_Init                   
0     000091e7  _SMGSPIA_DisplayInt             
0     0000925d  _SMGSPIA_DisplayFloat           
0     00009348  _INT13_ISR                      
0     00009352  _INT14_ISR                      
0     0000935c  _DATALOG_ISR                    
0     00009366  _RTOSINT_ISR                    
0     00009370  _EMUINT_ISR                     
0     0000937a  _NMI_ISR                        
0     00009384  _ILLEGAL_ISR                    
0     0000938e  _USER1_ISR                      
0     00009398  _USER2_ISR                      
0     000093a2  _USER3_ISR                      
0     000093ac  _USER4_ISR                      
0     000093b6  _USER5_ISR                      
0     000093c0  _USER6_ISR                      
0     000093ca  _USER7_ISR                      
0     000093d4  _USER8_ISR                      
0     000093de  _USER9_ISR                      
0     000093e8  _USER10_ISR                     
0     000093f2  _USER11_ISR                     
0     000093fc  _USER12_ISR                     
0     00009406  _SEQ1INT_ISR                    
0     00009410  _SEQ2INT_ISR                    
0     0000941a  _XINT1_ISR                      
0     00009424  _XINT2_ISR                      
0     0000942e  _ADCINT_ISR                     
0     00009438  _TINT0_ISR                      
0     00009442  _WAKEINT_ISR                    
0     0000944c  _EPWM1_TZINT_ISR                
0     00009456  _EPWM2_TZINT_ISR                
0     00009460  _EPWM3_TZINT_ISR                
0     0000946a  _EPWM4_TZINT_ISR                
0     00009474  _EPWM5_TZINT_ISR                
0     0000947e  _EPWM6_TZINT_ISR                
0     00009488  _EPWM1_INT_ISR                  
0     00009492  _EPWM2_INT_ISR                  
0     0000949c  _EPWM3_INT_ISR                  
0     000094a6  _EPWM4_INT_ISR                  
0     000094b0  _EPWM5_INT_ISR                  
0     000094ba  _EPWM6_INT_ISR                  
0     000094c4  _ECAP1_INT_ISR                  
0     000094ce  _ECAP2_INT_ISR                  
0     000094d8  _ECAP3_INT_ISR                  
0     000094e2  _ECAP4_INT_ISR                  
0     000094ec  _ECAP5_INT_ISR                  
0     000094f6  _ECAP6_INT_ISR                  
0     00009500  _EQEP1_INT_ISR                  
0     0000950a  _EQEP2_INT_ISR                  
0     00009514  _SPIRXINTA_ISR                  
0     0000951e  _SPITXINTA_ISR                  
0     00009528  _MRINTB_ISR                     
0     00009532  _MXINTB_ISR                     
0     0000953c  _MRINTA_ISR                     
0     00009546  _MXINTA_ISR                     
0     00009550  _DINTCH1_ISR                    
0     0000955a  _DINTCH2_ISR                    
0     00009564  _DINTCH3_ISR                    
0     0000956e  _DINTCH4_ISR                    
0     00009578  _DINTCH5_ISR                    
0     00009582  _DINTCH6_ISR                    
0     0000958c  _I2CINT1A_ISR                   
0     00009596  _I2CINT2A_ISR                   
0     000095a0  _SCIRXINTC_ISR                  
0     000095aa  _SCITXINTC_ISR                  
0     000095b4  _SCIRXINTA_ISR                  
0     000095be  _SCITXINTA_ISR                  
0     000095c8  _SCIRXINTB_ISR                  
0     000095d2  _SCITXINTB_ISR                  
0     000095dc  _ECAN0INTA_ISR                  
0     000095e6  _ECAN1INTA_ISR                  
0     000095f0  _ECAN0INTB_ISR                  
0     000095fa  _ECAN1INTB_ISR                  
0     00009604  _XINT3_ISR                      
0     0000960e  _XINT4_ISR                      
0     00009618  _XINT5_ISR                      
0     00009622  _XINT6_ISR                      
0     0000962c  _XINT7_ISR                      
0     00009636  _LVF_ISR                        
0     00009640  _LUF_ISR                        
0     0000964a  _EMPTY_ISR                      
0     00009657  _PIE_RESERVED                   
0     00009661  _rsvd_ISR                       
0     0000966b  _UARTa_Init                     
0     000096a4  _UARTa_SendByte                 
0     000096b0  _UARTa_SendString               
0     000096c3  _error                          
0     000096ca  _scia_init                      
0     000096d9  _scib_init                      
0     000096e5  _scia_xmit                      
0     000096ed  _scib_xmit                      
0     000096f5  _scia_AutobaudLock              
0     0000971a  _UART_AutoBaud_Test             
0     0000979b  _KEY_Init                       
0     000097d1  _KEY_Scan                       
0     000098ab  _IICA_Init                      
0     000098c5  _SDA_OUT                        
0     000098cd  _SDA_IN                         
0     000098d5  _IIC_Start                      
0     000098ec  _IIC_Stop                       
0     00009901  _IIC_Wait_Ack                   
0     00009925  _IIC_Ack                        
0     0000993e  _IIC_NAck                       
0     00009957  _IIC_Send_Byte                  
0     00009988  _IIC_Read_Byte                  
0     000099b3  _InitSysCtrl                    
0     000099bc  _ServiceDog                     
0     000099c6  _DisableDog                     
0     000099ce  _InitPll                        
0     00009a1f  _InitPeripheralClocks           
0     00009a7a  _CsmUnlock                      
0     00009aab  _AT24CXX_Init                   
0     00009aae  _AT24CXX_ReadOneByte            
0     00009ad3  _AT24CXX_WriteOneByte           
0     00009af6  _AT24CXX_WriteLenByte           
0     00009b10  _AT24CXX_ReadLenByte            
0     00009b2a  _AT24CXX_Check                  
0     00009b42  _AT24CXX_Read                   
0     00009b56  _AT24CXX_Write                  
0     00009b6e  _TIM0_Init                      
0     00009ba8  _TIM1_Init                      
0     00009bde  _TIM2_Init                      
0     00009c14  _spiTxFifoIsr                   
0     00009c4c  _spiRxFifoIsr                   
0     00009ca9  _InitCpuTimers                  
0     00009cea  _ConfigCpuTimer                 
0     00009d24  _SPIA_Init                      
0     00009d3f  _SPIA_SendReciveData            
0     00009d4c  _spi_error                      
0     00009d51  _SPIA_INT_Init                  
0     00009d89  _SPIA_INTFIFO_Test              
0     00009d9e  _rxaint_isr                     
0     00009e06  _c_int00                        
0     00009e5c  _main                           
0     00009eb0  _InitSci                        
0     00009eb1  _InitSciGpio                    
0     00009eb6  _InitSciaGpio                   
0     00009ecb  _InitScibGpio                   
0     00009edf  _InitScicGpio                   
0     00009ef5  _LED_Init                       
0     00009f39  _TIM0_IRQn                      
0     00009f57  _TIM1_IRQn                      
0     00009f64  _TIM2_IRQn                      
0     00009f78  _InitSpi                        
0     00009f79  _InitSpiGpio                    
0     00009f7c  _InitSpiaGpio                   
0     00009fa4  C$$EXIT                         
0     00009fa4  _abort                          
0     00009fa6  _exit                           
0     00009fcd  _InitPieCtrl                    
0     00009fec  _EnableInterrupts               
0     00009ff5  _copy_in                        
0     0000a019  _InitPieVectTable               
0     0000a039  _memcpy                         
0     0000a056  __args_main                     
0     0000a06f  U$$DIV                          
0     0000a074  U$$MOD                          
0     0000a07a  __register_unlock               
0     0000a07e  __register_lock                 
0     0000a082  __nop                           
0     0000a08b  __system_pre_init               
0     0000a08d  __system_post_cinit             
0     0000a08e  ___etext__                      
0     0000a08e  etext                           
0     00380080  _ADC_cal                        
1     00000400  __stack                         
1     00000700  __STACK_END                     
1     00000880  _DevEmuRegs                     
1     00000a80  _FlashRegs                      
1     00000ae0  _CsmRegs                        
1     00000b00  _AdcMirror                      
1     00000b20  _XintfRegs                      
1     00000c00  _CpuTimer0Regs                  
1     00000c08  _CpuTimer1Regs                  
1     00000c10  _CpuTimer2Regs                  
1     00000ce0  _PieCtrlRegs                    
1     00000d00  _PieVectTable                   
1     00001000  _DmaRegs                        
1     00005000  _McbspaRegs                     
1     00005040  _McbspbRegs                     
1     00006000  _ECanaRegs                      
1     00006040  _ECanaLAMRegs                   
1     00006080  _ECanaMOTSRegs                  
1     000060c0  _ECanaMOTORegs                  
1     00006100  _ECanaMboxes                    
1     00006200  _ECanbRegs                      
1     00006240  _ECanbLAMRegs                   
1     00006280  _ECanbMOTSRegs                  
1     000062c0  _ECanbMOTORegs                  
1     00006300  _ECanbMboxes                    
1     00006800  _EPwm1Regs                      
1     00006840  _EPwm2Regs                      
1     00006880  _EPwm3Regs                      
1     000068c0  _EPwm4Regs                      
1     00006900  _EPwm5Regs                      
1     00006940  _EPwm6Regs                      
1     00006a00  _ECap1Regs                      
1     00006a20  _ECap2Regs                      
1     00006a40  _ECap3Regs                      
1     00006a60  _ECap4Regs                      
1     00006a80  _ECap5Regs                      
1     00006aa0  _ECap6Regs                      
1     00006b00  _EQep1Regs                      
1     00006b40  _EQep2Regs                      
1     00006f80  _GpioCtrlRegs                   
1     00006fc0  _GpioDataRegs                   
1     00006fe0  _GpioIntRegs                    
1     00007010  _SysCtrlRegs                    
1     00007040  _SpiaRegs                       
1     00007050  _SciaRegs                       
1     00007070  _XIntruptRegs                   
1     00007100  _AdcRegs                        
1     00007750  _ScibRegs                       
1     00007770  _ScicRegs                       
1     00007900  _I2caRegs                       
1     0000c000  _CpuTimer0                      
1     0000c008  _CpuTimer1                      
1     0000c010  _CpuTimer2                      
1     0000c018  _smgduan                        
1     0000c028  _Buff                           
1     0000c032  _rdata                          
1     0000c03a  ___TI_enable_exit_profile_output
1     0000c03c  ___TI_cleanup_ptr               
1     0000c03e  ___TI_dtors_ptr                 
1     0000c040  _sdata                          
1     0000c048  _ReceivedCount                  
1     0000c049  _ErrorCount                     
1     0000c04a  _SendChar                       
1     0000c04b  _ReceivedAChar                  
1     0000c04c  _ReceivedBChar                  
1     0000c04d  _BRRVal                         
1     0000c052  __lock                          
1     0000c054  __unlock                        
1     0000c056  _errcounter                     
1     0000c057  _rdata_point                    
1     0000d000  _PieVectTableInit               
1     0033fff8  _CsmPwl                         
abs   00000300  __STACK_SIZE                    
abs   ffffffff  ___TI_pprof_out_hndl            
abs   ffffffff  ___TI_prof_data_size            
abs   ffffffff  ___TI_prof_data_start           
abs   ffffffff  ___binit__                      
abs   ffffffff  ___c_args__                     
abs   ffffffff  ___pinit__                      
abs   ffffffff  binit                           
abs   ffffffff  pinit                           

[257 symbols]
